Archive member included to satisfy reference by file (symbol)

../../../../../../../mpbComponentSam/mpbTiming/mpbTime/mpbTime/Debug\libmpbTime.a(mpbTimeBase.o)
                              src/ASF/sam/components/laser/TimeBaseManagement.o (eMpbTimeBaseInit)
c:/program files (x86)/atmel/studio/7.0/toolchain/arm/arm-gnu-toolchain/bin/../lib/gcc/arm-none-eabi/6.3.1/thumb/v7-m\libgcc.a(_arm_addsubdf3.o)
                              src/ASF/sam/drivers/can/dictionaryUtils.o (__aeabi_dsub)
c:/program files (x86)/atmel/studio/7.0/toolchain/arm/arm-gnu-toolchain/bin/../lib/gcc/arm-none-eabi/6.3.1/thumb/v7-m\libgcc.a(_arm_fixdfsi.o)
                              src/ASF/sam/drivers/can/dictionaryUtils.o (__aeabi_d2iz)
c:/program files (x86)/atmel/studio/7.0/toolchain/arm/arm-gnu-toolchain/bin/../lib/gcc/arm-none-eabi/6.3.1/thumb/v7-m\libgcc.a(_arm_fixunsdfsi.o)
                              src/ASF/sam/drivers/can/canDictionary.o (__aeabi_d2uiz)
c:/program files (x86)/atmel/studio/7.0/toolchain/arm/arm-gnu-toolchain/bin/../lib/gcc/arm-none-eabi/6.3.1/thumb/v7-m\libgcc.a(_arm_addsubsf3.o)
                              src/ASF/sam/drivers/can/canDictionary.o (__aeabi_fsub)
c:/program files (x86)/atmel/studio/7.0/toolchain/arm/arm-gnu-toolchain/bin/../lib/gcc/arm-none-eabi/6.3.1/thumb/v7-m\libgcc.a(_arm_muldivsf3.o)
                              src/ASF/sam/drivers/can/dictionaryUtils.o (__aeabi_fmul)
c:/program files (x86)/atmel/studio/7.0/toolchain/arm/arm-gnu-toolchain/bin/../lib/gcc/arm-none-eabi/6.3.1/thumb/v7-m\libgcc.a(_arm_cmpsf2.o)
                              src/ASF/sam/drivers/can/dictionaryUtils.o (__aeabi_fcmpeq)
c:/program files (x86)/atmel/studio/7.0/toolchain/arm/arm-gnu-toolchain/bin/../lib/gcc/arm-none-eabi/6.3.1/thumb/v7-m\libgcc.a(_arm_fixunssfsi.o)
                              src/ASF/sam/drivers/can/canDictionary.o (__aeabi_f2uiz)
c:/program files (x86)/atmel/studio/7.0/toolchain/arm/arm-gnu-toolchain/bin/../lib/gcc/arm-none-eabi/6.3.1/../../../../arm-none-eabi/lib/thumb/v7-m\libc.a(lib_a-exit.o)
                              c:/program files (x86)/atmel/studio/7.0/toolchain/arm/arm-gnu-toolchain/bin/../lib/gcc/arm-none-eabi/6.3.1/../../../../arm-none-eabi/lib/thumb/v7-m/crt0.o (exit)
c:/program files (x86)/atmel/studio/7.0/toolchain/arm/arm-gnu-toolchain/bin/../lib/gcc/arm-none-eabi/6.3.1/../../../../arm-none-eabi/lib/thumb/v7-m\libc.a(lib_a-impure.o)
                              c:/program files (x86)/atmel/studio/7.0/toolchain/arm/arm-gnu-toolchain/bin/../lib/gcc/arm-none-eabi/6.3.1/../../../../arm-none-eabi/lib/thumb/v7-m\libc.a(lib_a-exit.o) (_global_impure_ptr)
c:/program files (x86)/atmel/studio/7.0/toolchain/arm/arm-gnu-toolchain/bin/../lib/gcc/arm-none-eabi/6.3.1/../../../../arm-none-eabi/lib/thumb/v7-m\libc.a(lib_a-init.o)
                              c:/program files (x86)/atmel/studio/7.0/toolchain/arm/arm-gnu-toolchain/bin/../lib/gcc/arm-none-eabi/6.3.1/../../../../arm-none-eabi/lib/thumb/v7-m/crt0.o (__libc_init_array)
c:/program files (x86)/atmel/studio/7.0/toolchain/arm/arm-gnu-toolchain/bin/../lib/gcc/arm-none-eabi/6.3.1/../../../../arm-none-eabi/lib/thumb/v7-m\libc.a(lib_a-memcpy.o)
                              src/ASF/sam/drivers/can/can.o (memcpy)
c:/program files (x86)/atmel/studio/7.0/toolchain/arm/arm-gnu-toolchain/bin/../lib/gcc/arm-none-eabi/6.3.1/../../../../arm-none-eabi/lib/thumb/v7-m\libc.a(lib_a-memset.o)
                              c:/program files (x86)/atmel/studio/7.0/toolchain/arm/arm-gnu-toolchain/bin/../lib/gcc/arm-none-eabi/6.3.1/../../../../arm-none-eabi/lib/thumb/v7-m/crt0.o (memset)
c:/program files (x86)/atmel/studio/7.0/toolchain/arm/arm-gnu-toolchain/bin/../lib/gcc/arm-none-eabi/6.3.1/../../../../arm-none-eabi/lib/thumb/v7-m\libc.a(lib_a-puts.o)
                              src/can_example.o (puts)
c:/program files (x86)/atmel/studio/7.0/toolchain/arm/arm-gnu-toolchain/bin/../lib/gcc/arm-none-eabi/6.3.1/../../../../arm-none-eabi/lib/thumb/v7-m\libc.a(lib_a-setbuf.o)
                              src/can_example.o (setbuf)
c:/program files (x86)/atmel/studio/7.0/toolchain/arm/arm-gnu-toolchain/bin/../lib/gcc/arm-none-eabi/6.3.1/../../../../arm-none-eabi/lib/thumb/v7-m\libc.a(lib_a-setvbuf.o)
                              c:/program files (x86)/atmel/studio/7.0/toolchain/arm/arm-gnu-toolchain/bin/../lib/gcc/arm-none-eabi/6.3.1/../../../../arm-none-eabi/lib/thumb/v7-m\libc.a(lib_a-setbuf.o) (setvbuf)
c:/program files (x86)/atmel/studio/7.0/toolchain/arm/arm-gnu-toolchain/bin/../lib/gcc/arm-none-eabi/6.3.1/../../../../arm-none-eabi/lib/thumb/v7-m\libc.a(lib_a-strlen-stub.o)
                              c:/program files (x86)/atmel/studio/7.0/toolchain/arm/arm-gnu-toolchain/bin/../lib/gcc/arm-none-eabi/6.3.1/../../../../arm-none-eabi/lib/thumb/v7-m\libc.a(lib_a-puts.o) (strlen)
[...]
Memory Configuration

Name             Origin             Length             Attributes
rom              0x00080000         0x00080000         xr
sram0            0x20000000         0x00010000         xrw
sram1            0x20080000         0x00008000         xrw
ram              0x20070000         0x00018000         xrw
*default*        0x00000000         0xffffffff

Linker script and memory map

LOAD c:/program files (x86)/atmel/studio/7.0/toolchain/arm/arm-gnu-toolchain/bin/../lib/gcc/arm-none-eabi/6.3.1/thumb/v7-m/crti.o
LOAD c:/program files (x86)/atmel/studio/7.0/toolchain/arm/arm-gnu-toolchain/bin/../lib/gcc/arm-none-eabi/6.3.1/thumb/v7-m/crtbegin.o
LOAD c:/program files (x86)/atmel/studio/7.0/toolchain/arm/arm-gnu-toolchain/bin/../lib/gcc/arm-none-eabi/6.3.1/../../../../arm-none-eabi/lib/thumb/v7-m/crt0.o
LOAD src/ASF/common/services/clock/sam3x/sysclk.o
LOAD src/ASF/common/services/serial/usart_serial.o
LOAD src/ASF/common/utils/interrupt/interrupt_sam_nvic.o
LOAD src/ASF/common/utils/stdio/read.o
LOAD src/ASF/common/utils/stdio/write.o
LOAD src/ASF/sam/boards/sam3x_ek/init.o
LOAD src/ASF/sam/boards/sam3x_ek/led.o
LOAD src/ASF/sam/components/can/sn65hvd234.o
LOAD src/ASF/sam/components/laser/TimeBaseManagement.o
LOAD src/ASF/sam/drivers/can/can.o
LOAD src/ASF/sam/drivers/can/canDictionary.o
LOAD src/ASF/sam/drivers/can/dictionaryUtils.o
LOAD src/ASF/sam/drivers/pio/pio.o
LOAD src/ASF/sam/drivers/pio/pio_handler.o
LOAD src/ASF/sam/drivers/pmc/pmc.o
LOAD src/ASF/sam/drivers/pmc/sleep.o
LOAD src/ASF/sam/drivers/uart/uart.o
LOAD src/ASF/sam/drivers/usart/usart.o
LOAD src/ASF/sam/utils/cmsis/sam3x/source/templates/exceptions.o
LOAD src/ASF/sam/utils/cmsis/sam3x/source/templates/gcc/startup_sam3x.o
LOAD src/ASF/sam/utils/cmsis/sam3x/source/templates/system_sam3x.o
LOAD src/ASF/sam/utils/syscalls/gcc/syscalls.o
LOAD src/can_example.o
START GROUP
LOAD ../src/ASF/thirdparty/CMSIS/Lib/GCC\libarm_cortexM3l_math.a
LOAD c:/program files (x86)/atmel/studio/7.0/toolchain/arm/arm-gnu-toolchain/bin/../lib/gcc/arm-none-eabi/6.3.1/../../../../arm-none-eabi/lib/thumb/v7-m\libm.a
LOAD ../../../../../../../mpbComponentSam/mpbTiming/mpbTime/mpbTime/Debug\libmpbTime.a
END GROUP
START GROUP
LOAD c:/program files (x86)/atmel/studio/7.0/toolchain/arm/arm-gnu-toolchain/bin/../lib/gcc/arm-none-eabi/6.3.1/thumb/v7-m\libgcc.a
LOAD c:/program files (x86)/atmel/studio/7.0/toolchain/arm/arm-gnu-toolchain/bin/../lib/gcc/arm-none-eabi/6.3.1/../../../../arm-none-eabi/lib/thumb/v7-m\libc.a
END GROUP
LOAD c:/program files (x86)/atmel/studio/7.0/toolchain/arm/arm-gnu-toolchain/bin/../lib/gcc/arm-none-eabi/6.3.1/thumb/v7-m/crtend.o
LOAD c:/program files (x86)/atmel/studio/7.0/toolchain/arm/arm-gnu-toolchain/bin/../lib/gcc/arm-none-eabi/6.3.1/thumb/v7-m/crtn.o
                0x00002000                __stack_size__ = DEFINED (__stack_size__)?__stack_size__:0x2000
                0x20087ffc                __ram_end__ = ((ORIGIN (ram) + LENGTH (ram)) - 0x4)

.text           0x00080000     0x8328
                0x00080000                . = ALIGN (0x4)
                0x00080000                _sfixed = .
 *(.vectors .vectors.*)
 .vectors       0x00080000       0xf4 src/ASF/sam/utils/cmsis/sam3x/source/templates/gcc/startup_sam3x.o
                0x00080000                exception_table
 *(.text .text.* .gnu.linkonce.t.*)
 .text          0x000800f4       0x6c c:/program files (x86)/atmel/studio/7.0/toolchain/arm/arm-gnu-toolchain/bin/../lib/gcc/arm-none-eabi/6.3.1/thumb/v7-m/crtbegin.o
 .text.osc_enable
                0x00080160       0x88 src/ASF/common/services/clock/sam3x/sysclk.o
 .text.osc_is_ready
                0x000801e8       0x70 src/ASF/common/services/clock/sam3x/sysclk.o
 .text.osc_get_rate
                0x00080258       0x74 src/ASF/common/services/clock/sam3x/sysclk.o
 .text.osc_wait_ready
                0x000802cc       0x2c src/ASF/common/services/clock/sam3x/sysclk.o
 .text.pll_config_init
                0x000802f8       0x6c src/ASF/common/services/clock/sam3x/sysclk.o
 .text.pll_enable
                0x00080364       0x40 src/ASF/common/services/clock/sam3x/sysclk.o
 .text.pll_is_locked
                0x000803a4       0x2c src/ASF/common/services/clock/sam3x/sysclk.o
 .text.pll_enable_source
                0x000803d0       0x38 src/ASF/common/services/clock/sam3x/sysclk.o
 .text.pll_wait_for_lock
                0x00080408       0x24 src/ASF/common/services/clock/sam3x/sysclk.o
 .text.sysclk_get_main_hz
                0x0008042c       0x1c src/ASF/common/services/clock/sam3x/sysclk.o
 .text.sysclk_get_cpu_hz
                0x00080448       0x14 src/ASF/common/services/clock/sam3x/sysclk.o
 .text.sysclk_init
                0x0008045c       0x70 src/ASF/common/services/clock/sam3x/sysclk.o
                0x0008045c                sysclk_init
 .text._read    0x000804cc       0x54 src/ASF/common/utils/stdio/read.o
                0x000804cc                _read
 .text._write   0x00080520       0x6c src/ASF/common/utils/stdio/write.o
                0x00080520                _write
 .text.sysclk_enable_peripheral_clock
                0x0008058c       0x1c src/ASF/sam/boards/sam3x_ek/init.o
 .text.ioport_init
                0x000805a8       0x24 src/ASF/sam/boards/sam3x_ek/init.o
 .text.board_init
                0x000805cc       0x88 src/ASF/sam/boards/sam3x_ek/init.o
                0x000805cc                board_init
 .text.vTimeBaseManagementInit
                0x00080654       0x44 src/ASF/sam/components/laser/TimeBaseManagement.o
                0x00080654                vTimeBaseManagementInit
 .text.vTimeBaseManagementResetTick
                0x00080698       0x30 src/ASF/sam/components/laser/TimeBaseManagement.o
                0x00080698                vTimeBaseManagementResetTick
 .text.vTimeBaseManagementGetTick
                0x000806c8       0x30 src/ASF/sam/components/laser/TimeBaseManagement.o
                0x000806c8                vTimeBaseManagementGetTick
 .text.can_set_baudrate
                0x000806f8      0x150 src/ASF/sam/drivers/can/can.o
 .text.can_init
                0x00080848       0xa8 src/ASF/sam/drivers/can/can.o
                0x00080848                can_init
 .text.can_enable
                0x000808f0       0x1e src/ASF/sam/drivers/can/can.o
                0x000808f0                can_enable
 .text.can_disable
                0x0008090e       0x1e src/ASF/sam/drivers/can/can.o
                0x0008090e                can_disable
 .text.can_enable_interrupt
                0x0008092c       0x1a src/ASF/sam/drivers/can/can.o
                0x0008092c                can_enable_interrupt
 .text.can_disable_interrupt
                0x00080946       0x1a src/ASF/sam/drivers/can/can.o
                0x00080946                can_disable_interrupt
 .text.can_get_status
                0x00080960       0x16 src/ASF/sam/drivers/can/can.o
                0x00080960                can_get_status
 .text.can_get_rx_error_cnt
                0x00080976       0x18 src/ASF/sam/drivers/can/can.o
                0x00080976                can_get_rx_error_cnt
 .text.can_mailbox_init
                0x0008098e      0x122 src/ASF/sam/drivers/can/can.o
                0x0008098e                can_mailbox_init
 .text.can_reset_all_mailbox
                0x00080ab0       0x44 src/ASF/sam/drivers/can/can.o
                0x00080ab0                can_reset_all_mailbox
 .text.mailbox_send_transfer_cmd
                0x00080af4       0x40 src/ASF/sam/drivers/can/can.o
                0x00080af4                mailbox_send_transfer_cmd
 .text.mailbox_read
                0x00080b34      0x10c src/ASF/sam/drivers/can/can.o
                0x00080b34                mailbox_read
 .text.vInterruptHandler
                0x00080c40       0xbc src/ASF/sam/drivers/can/can.o
                0x00080c40                vInterruptHandler
 .text.mailbox_int_handler
                0x00080cfc      0x2a8 src/ASF/sam/drivers/can/can.o
                0x00080cfc                mailbox_int_handler
 .text.mailbox_set_accept_mask
                0x00080fa4       0xa0 src/ASF/sam/drivers/can/can.o
                0x00080fa4                mailbox_set_accept_mask
 .text.mailbox_set_id
                0x00081044       0x60 src/ASF/sam/drivers/can/can.o
                0x00081044                mailbox_set_id
 .text.mailbox_set_mode
                0x000810a4       0x50 src/ASF/sam/drivers/can/can.o
                0x000810a4                mailbox_set_mode
 .text.mailbox_get_mode
                0x000810f4       0x36 src/ASF/sam/drivers/can/can.o
                0x000810f4                mailbox_get_mode
 .text.mailbox_get_status
                0x0008112a       0x2e src/ASF/sam/drivers/can/can.o
                0x0008112a                mailbox_get_status
 .text.mailbox_set_databyte
                0x00081158       0xc4 src/ASF/sam/drivers/can/can.o
                0x00081158                mailbox_set_databyte
 .text.get_timestamp_value
                0x0008121c       0x16 src/ASF/sam/drivers/can/can.o
                0x0008121c                get_timestamp_value
 .text.mailbox_init
                0x00081232       0x7e src/ASF/sam/drivers/can/can.o
                0x00081232                mailbox_init
 .text.reset_all_mailbox
                0x000812b0       0x30 src/ASF/sam/drivers/can/can.o
                0x000812b0                reset_all_mailbox
 .text.sendFrame
                0x000812e0      0x1a8 src/ASF/sam/drivers/can/can.o
                0x000812e0                sendFrame
 .text.mailbox_set_datalen
                0x00081488       0x58 src/ASF/sam/drivers/can/can.o
                0x00081488                mailbox_set_datalen
 .text.mailbox_set_priority
                0x000814e0       0x46 src/ASF/sam/drivers/can/can.o
                0x000814e0                mailbox_set_priority
 .text.enable_interrupt
                0x00081526       0x1a src/ASF/sam/drivers/can/can.o
                0x00081526                enable_interrupt
 .text.disable_interrupt
                0x00081540       0x1a src/ASF/sam/drivers/can/can.o
                0x00081540                disable_interrupt
 .text.global_send_transfer_cmd
                0x0008155a       0x2a src/ASF/sam/drivers/can/can.o
                0x0008155a                global_send_transfer_cmd
 .text.setCallback
                0x00081584       0x30 src/ASF/sam/drivers/can/can.o
                0x00081584                setCallback
 .text.vInitCanImage
                0x000815b4       0xdc src/ASF/sam/drivers/can/canDictionary.o
                0x000815b4                vInitCanImage
 .text.getCan401
                0x00081690       0x2c src/ASF/sam/drivers/can/canDictionary.o
                0x00081690                getCan401
 .text.getCan402
                0x000816bc       0x2c src/ASF/sam/drivers/can/canDictionary.o
                0x000816bc                getCan402
 .text.getCan403
                0x000816e8       0x2c src/ASF/sam/drivers/can/canDictionary.o
                0x000816e8                getCan403
 .text.getCan404
                0x00081714       0x2c src/ASF/sam/drivers/can/canDictionary.o
                0x00081714                getCan404
 .text.setCan406
                0x00081740       0x2c src/ASF/sam/drivers/can/canDictionary.o
                0x00081740                setCan406
 .text.setCan408
                0x0008176c       0x2c src/ASF/sam/drivers/can/canDictionary.o
                0x0008176c                setCan408
 .text.setCan409
                0x00081798       0x2c src/ASF/sam/drivers/can/canDictionary.o
                0x00081798                setCan409
 .text.eMpbCan401Encode
                0x000817c4      0x7b4 src/ASF/sam/drivers/can/canDictionary.o
                0x000817c4                eMpbCan401Encode
 .text.eMpbCan402Encode
                0x00081f78      0x6a0 src/ASF/sam/drivers/can/canDictionary.o
                0x00081f78                eMpbCan402Encode
 .text.eMpbCan406Decode
                0x00082618      0x52c src/ASF/sam/drivers/can/canDictionary.o
                0x00082618                eMpbCan406Decode
 .text.eMpbCan403Encode
                0x00082b44      0x57c src/ASF/sam/drivers/can/canDictionary.o
                0x00082b44                eMpbCan403Encode
 .text.eMpbCan404Encode
                0x000830c0      0x5e0 src/ASF/sam/drivers/can/canDictionary.o
                0x000830c0                eMpbCan404Encode
 .text.eMpbCan408Decode
                0x000836a0      0x3d4 src/ASF/sam/drivers/can/canDictionary.o
                0x000836a0                eMpbCan408Decode
 .text.eMpbCan409Decode
                0x00083a74      0x420 src/ASF/sam/drivers/can/canDictionary.o
                0x00083a74                eMpbCan409Decode
 .text.mpb_math_fdiv
                0x00083e94       0x74 src/ASF/sam/drivers/can/dictionaryUtils.o
                0x00083e94                mpb_math_fdiv
 .text.mpb_math_flinear_approx
                0x00083f08       0xf0 src/ASF/sam/drivers/can/dictionaryUtils.o
                0x00083f08                mpb_math_flinear_approx
 .text.mpb_float1_minor_than_float2
                0x00083ff8      0x14c src/ASF/sam/drivers/can/dictionaryUtils.o
                0x00083ff8                mpb_float1_minor_than_float2
 .text.pio_pull_up
                0x00084144       0x2a src/ASF/sam/drivers/pio/pio.o
                0x00084144                pio_pull_up
 .text.pio_set_peripheral
                0x0008416e       0x7e src/ASF/sam/drivers/pio/pio.o
                0x0008416e                pio_set_peripheral
 .text.pio_set_input
                0x000841ec       0x80 src/ASF/sam/drivers/pio/pio.o
                0x000841ec                pio_set_input
 .text.pio_set_output
                0x0008426c       0x64 src/ASF/sam/drivers/pio/pio.o
                0x0008426c                pio_set_output
 .text.pio_disable_interrupt
                0x000842d0       0x1a src/ASF/sam/drivers/pio/pio.o
                0x000842d0                pio_disable_interrupt
 .text.pio_get_interrupt_status
                0x000842ea       0x16 src/ASF/sam/drivers/pio/pio.o
                0x000842ea                pio_get_interrupt_status
 .text.pio_get_interrupt_mask
                0x00084300       0x16 src/ASF/sam/drivers/pio/pio.o
                0x00084300                pio_get_interrupt_mask
 *fill*         0x00084316        0x2 
 .text.pio_configure_pin
                0x00084318      0x138 src/ASF/sam/drivers/pio/pio.o
                0x00084318                pio_configure_pin
 .text.pio_configure_pin_group
                0x00084450       0xe4 src/ASF/sam/drivers/pio/pio.o
                0x00084450                pio_configure_pin_group
 .text.pio_get_pin_group
                0x00084534       0x24 src/ASF/sam/drivers/pio/pio.o
                0x00084534                pio_get_pin_group
 .text.pio_handler_process
                0x00084558       0xb4 src/ASF/sam/drivers/pio/pio_handler.o
                0x00084558                pio_handler_process
 .text.PIOA_Handler
                0x0008460c       0x18 src/ASF/sam/drivers/pio/pio_handler.o
                0x0008460c                PIOA_Handler
 .text.PIOB_Handler
                0x00084624       0x18 src/ASF/sam/drivers/pio/pio_handler.o
                0x00084624                PIOB_Handler
 .text.PIOC_Handler
                0x0008463c       0x18 src/ASF/sam/drivers/pio/pio_handler.o
                0x0008463c                PIOC_Handler
 .text.PIOD_Handler
                0x00084654       0x18 src/ASF/sam/drivers/pio/pio_handler.o
                0x00084654                PIOD_Handler
 .text.pmc_switch_mck_to_pllack
                0x0008466c       0x80 src/ASF/sam/drivers/pmc/pmc.o
                0x0008466c                pmc_switch_mck_to_pllack
 .text.pmc_switch_sclk_to_32kxtal
                0x000846ec       0x38 src/ASF/sam/drivers/pmc/pmc.o
                0x000846ec                pmc_switch_sclk_to_32kxtal
 .text.pmc_osc_is_ready_32kxtal
                0x00084724       0x34 src/ASF/sam/drivers/pmc/pmc.o
                0x00084724                pmc_osc_is_ready_32kxtal
 .text.pmc_switch_mainck_to_fastrc
                0x00084758       0x70 src/ASF/sam/drivers/pmc/pmc.o
                0x00084758                pmc_switch_mainck_to_fastrc
 .text.pmc_switch_mainck_to_xtal
                0x000847c8       0x78 src/ASF/sam/drivers/pmc/pmc.o
                0x000847c8                pmc_switch_mainck_to_xtal
 .text.pmc_osc_is_ready_mainck
                0x00084840       0x18 src/ASF/sam/drivers/pmc/pmc.o
                0x00084840                pmc_osc_is_ready_mainck
 .text.pmc_disable_pllack
                0x00084858       0x18 src/ASF/sam/drivers/pmc/pmc.o
                0x00084858                pmc_disable_pllack
 .text.pmc_is_locked_pllack
                0x00084870       0x18 src/ASF/sam/drivers/pmc/pmc.o
                0x00084870                pmc_is_locked_pllack
 .text.pmc_is_locked_upll
                0x00084888       0x18 src/ASF/sam/drivers/pmc/pmc.o
                0x00084888                pmc_is_locked_upll
 .text.pmc_enable_periph_clk
                0x000848a0       0x38 src/ASF/sam/drivers/pmc/pmc.o
                0x000848a0                pmc_enable_periph_clk
 .text.uart_init
                0x000848d8       0x60 src/ASF/sam/drivers/uart/uart.o
                0x000848d8                uart_init
 .text.uart_write
                0x00084938       0x2e src/ASF/sam/drivers/uart/uart.o
                0x00084938                uart_write
 .text.uart_read
                0x00084966       0x30 src/ASF/sam/drivers/uart/uart.o
                0x00084966                uart_read
 .text.usart_set_async_baudrate
                0x00084996       0x88 src/ASF/sam/drivers/usart/usart.o
                0x00084996                usart_set_async_baudrate
 *fill*         0x00084a1e        0x2 
 .text.usart_reset
                0x00084a20       0x54 src/ASF/sam/drivers/usart/usart.o
                0x00084a20                usart_reset
 .text.usart_init_rs232
                0x00084a74       0x84 src/ASF/sam/drivers/usart/usart.o
                0x00084a74                usart_init_rs232
 .text.usart_enable_tx
                0x00084af8       0x18 src/ASF/sam/drivers/usart/usart.o
                0x00084af8                usart_enable_tx
 .text.usart_reset_tx
                0x00084b10       0x18 src/ASF/sam/drivers/usart/usart.o
                0x00084b10                usart_reset_tx
 .text.usart_enable_rx
                0x00084b28       0x18 src/ASF/sam/drivers/usart/usart.o
                0x00084b28                usart_enable_rx
 .text.usart_reset_rx
                0x00084b40       0x18 src/ASF/sam/drivers/usart/usart.o
                0x00084b40                usart_reset_rx
 .text.usart_reset_status
                0x00084b58       0x1a src/ASF/sam/drivers/usart/usart.o
                0x00084b58                usart_reset_status
 .text.usart_drive_RTS_pin_high
                0x00084b72       0x1a src/ASF/sam/drivers/usart/usart.o
                0x00084b72                usart_drive_RTS_pin_high
 .text.usart_write
                0x00084b8c       0x30 src/ASF/sam/drivers/usart/usart.o
                0x00084b8c                usart_write
 .text.usart_read
                0x00084bbc       0x32 src/ASF/sam/drivers/usart/usart.o
                0x00084bbc                usart_read
 *fill*         0x00084bee        0x2 
 .text.usart_disable_writeprotect
                0x00084bf0       0x20 src/ASF/sam/drivers/usart/usart.o
                0x00084bf0                usart_disable_writeprotect
 .text.Dummy_Handler
                0x00084c10        0x6 src/ASF/sam/utils/cmsis/sam3x/source/templates/exceptions.o
                0x00084c10                DACC_Handler
                0x00084c10                DebugMon_Handler
                0x00084c10                DMAC_Handler
                0x00084c10                TRNG_Handler
                0x00084c10                HardFault_Handler
                0x00084c10                TC2_Handler
                0x00084c10                SysTick_Handler
                0x00084c10                USART3_Handler
                0x00084c10                TWI1_Handler
                0x00084c10                PendSV_Handler
                0x00084c10                NMI_Handler
                0x00084c10                TC7_Handler
                0x00084c10                ADC_Handler
                0x00084c10                SMC_Handler
                0x00084c10                USART0_Handler
                0x00084c10                RTT_Handler
                0x00084c10                EFC1_Handler
                0x00084c10                RTC_Handler
                0x00084c10                UsageFault_Handler
                0x00084c10                TC6_Handler
                0x00084c10                WDT_Handler
                0x00084c10                TC4_Handler
                0x00084c10                TC1_Handler
                0x00084c10                HSMCI_Handler
                0x00084c10                TC3_Handler
                0x00084c10                Dummy_Handler
                0x00084c10                TWI0_Handler
                0x00084c10                USART1_Handler
                0x00084c10                SSC_Handler
                0x00084c10                EFC0_Handler
                0x00084c10                PMC_Handler
                0x00084c10                PWM_Handler
                0x00084c10                MemManage_Handler
                0x00084c10                SUPC_Handler
                0x00084c10                SVC_Handler
                0x00084c10                TC8_Handler
                0x00084c10                USART2_Handler
                0x00084c10                EMAC_Handler
                0x00084c10                UART_Handler
                0x00084c10                BusFault_Handler
                0x00084c10                RSTC_Handler
                0x00084c10                TC0_Handler
                0x00084c10                TC5_Handler
                0x00084c10                UOTGHS_Handler
                0x00084c10                SPI0_Handler
 *fill*         0x00084c16        0x2 
 .text.Reset_Handler
                0x00084c18       0xa8 src/ASF/sam/utils/cmsis/sam3x/source/templates/gcc/startup_sam3x.o
                0x00084c18                Reset_Handler
 .text.SystemCoreClockUpdate
                0x00084cc0      0x180 src/ASF/sam/utils/cmsis/sam3x/source/templates/system_sam3x.o
                0x00084cc0                SystemCoreClockUpdate
 .text._sbrk    0x00084e40       0x58 src/ASF/sam/utils/syscalls/gcc/syscalls.o
                0x00084e40                _sbrk
 .text._close   0x00084e98       0x16 src/ASF/sam/utils/syscalls/gcc/syscalls.o
                0x00084e98                _close
 .text._fstat   0x00084eae       0x1e src/ASF/sam/utils/syscalls/gcc/syscalls.o
                0x00084eae                _fstat
 .text._isatty  0x00084ecc       0x14 src/ASF/sam/utils/syscalls/gcc/syscalls.o
                0x00084ecc                _isatty
 .text._lseek   0x00084ee0       0x18 src/ASF/sam/utils/syscalls/gcc/syscalls.o
                0x00084ee0                _lseek
 .text.__NVIC_EnableIRQ
                0x00084ef8       0x38 src/can_example.o
 .text.osc_get_rate
                0x00084f30       0x74 src/can_example.o
 .text.sysclk_get_main_hz
                0x00084fa4       0x1c src/can_example.o
 .text.sysclk_get_cpu_hz
                0x00084fc0       0x14 src/can_example.o
 .text.sysclk_get_peripheral_hz
                0x00084fd4       0x14 src/can_example.o
 .text.sysclk_enable_peripheral_clock
                0x00084fe8       0x1c src/can_example.o
 .text.ioport_toggle_pin_level
                0x00085004       0x6c src/can_example.o
 .text.usart_serial_init
                0x00085070      0x138 src/can_example.o
 .text.usart_serial_putchar
                0x000851a8       0xc8 src/can_example.o
 .text.usart_serial_getchar
                0x00085270       0xdc src/can_example.o
 .text.stdio_serial_init
                0x0008534c       0x68 src/can_example.o
 .text.sendCanMessage
                0x000853b4       0x40 src/can_example.o
 .text.mydelay  0x000853f4       0x34 src/can_example.o
 .text.CAN1_Handler
                0x00085428       0x20 src/can_example.o
                0x00085428                CAN1_Handler
 .text.CAN0_Handler
                0x00085448       0x2c src/can_example.o
                0x00085448                CAN0_Handler
 .text.vTestCallback
                0x00085474      0x2a0 src/can_example.o
 .text.vTestCallback1
                0x00085714       0x7c src/can_example.o
 .text.test_0a  0x00085790       0x90 src/can_example.o
 .text.configure_console
                0x00085820       0x44 src/can_example.o
 .text.main     0x00085864      0x18c src/can_example.o
                0x00085864                main
 .text.eMpbTimeBaseInit
                0x000859f0       0x3c ../../../../../../../mpbComponentSam/mpbTiming/mpbTime/mpbTime/Debug\libmpbTime.a(mpbTimeBase.o)
                0x000859f0                eMpbTimeBaseInit
 .text.ulMpbTimeBaseGetMs
                0x00085a2c        0x4 ../../../../../../../mpbComponentSam/mpbTiming/mpbTime/mpbTime/Debug\libmpbTime.a(mpbTimeBase.o)
                0x00085a2c                ulMpbTimeBaseGetMs
 .text          0x00085a30      0x370 c:/program files (x86)/atmel/studio/7.0/toolchain/arm/arm-gnu-toolchain/bin/../lib/gcc/arm-none-eabi/6.3.1/thumb/v7-m\libgcc.a(_arm_addsubdf3.o)
                0x00085a30                __aeabi_drsub
                0x00085a38                __aeabi_dsub
                0x00085a38                __subdf3
                0x00085a3c                __aeabi_dadd
                0x00085a3c                __adddf3
                0x00085cb4                __floatunsidf
                0x00085cb4                __aeabi_ui2d
                0x00085cd4                __floatsidf
                0x00085cd4                __aeabi_i2d
                0x00085cf8                __aeabi_f2d
                0x00085cf8                __extendsfdf2
                0x00085d34                __floatundidf
                0x00085d34                __aeabi_ul2d
                0x00085d44                __floatdidf
                0x00085d44                __aeabi_l2d
 .text          0x00085da0       0x50 c:/program files (x86)/atmel/studio/7.0/toolchain/arm/arm-gnu-toolchain/bin/../lib/gcc/arm-none-eabi/6.3.1/thumb/v7-m\libgcc.a(_arm_fixdfsi.o)
                0x00085da0                __aeabi_d2iz
                0x00085da0                __fixdfsi
 .text          0x00085df0       0x40 c:/program files (x86)/atmel/studio/7.0/toolchain/arm/arm-gnu-toolchain/bin/../lib/gcc/arm-none-eabi/6.3.1/thumb/v7-m\libgcc.a(_arm_fixunsdfsi.o)
                0x00085df0                __aeabi_d2uiz
                0x00085df0                __fixunsdfsi
 .text          0x00085e30      0x21c c:/program files (x86)/atmel/studio/7.0/toolchain/arm/arm-gnu-toolchain/bin/../lib/gcc/arm-none-eabi/6.3.1/thumb/v7-m\libgcc.a(_arm_addsubsf3.o)
                0x00085e30                __aeabi_frsub
                0x00085e38                __subsf3
                0x00085e38                __aeabi_fsub
                0x00085e3c                __aeabi_fadd
                0x00085e3c                __addsf3
                0x00085f9c                __aeabi_ui2f
                0x00085f9c                __floatunsisf
                0x00085fa4                __aeabi_i2f
                0x00085fa4                __floatsisf
                0x00085fc0                __aeabi_ul2f
                0x00085fc0                __floatundisf
                0x00085fd0                __aeabi_l2f
                0x00085fd0                __floatdisf
 .text          0x0008604c      0x2a0 c:/program files (x86)/atmel/studio/7.0/toolchain/arm/arm-gnu-toolchain/bin/../lib/gcc/arm-none-eabi/6.3.1/thumb/v7-m\libgcc.a(_arm_muldivsf3.o)
                0x0008604c                __mulsf3
                0x0008604c                __aeabi_fmul
                0x000861b4                __aeabi_fdiv
                0x000861b4                __divsf3
 .text          0x000862ec       0xec c:/program files (x86)/atmel/studio/7.0/toolchain/arm/arm-gnu-toolchain/bin/../lib/gcc/arm-none-eabi/6.3.1/thumb/v7-m\libgcc.a(_arm_cmpsf2.o)
                0x000862ec                __gesf2
                0x000862ec                __gtsf2
                0x000862f4                __lesf2
                0x000862f4                __ltsf2
                0x000862fc                __nesf2
                0x000862fc                __eqsf2
                0x000862fc                __cmpsf2
                0x0008635c                __aeabi_cfrcmple
                0x00086364                __aeabi_cfcmpeq
                0x00086364                __aeabi_cfcmple
                0x00086374                __aeabi_fcmpeq
                0x00086388                __aeabi_fcmplt
                0x0008639c                __aeabi_fcmple
                0x000863b0                __aeabi_fcmpge
                0x000863c4                __aeabi_fcmpgt
 .text          0x000863d8       0x40 c:/program files (x86)/atmel/studio/7.0/toolchain/arm/arm-gnu-toolchain/bin/../lib/gcc/arm-none-eabi/6.3.1/thumb/v7-m\libgcc.a(_arm_fixunssfsi.o)
                0x000863d8                __fixunssfsi
                0x000863d8                __aeabi_f2uiz
 .text.__libc_init_array
                0x00086418       0x50 c:/program files (x86)/atmel/studio/7.0/toolchain/arm/arm-gnu-toolchain/bin/../lib/gcc/arm-none-eabi/6.3.1/../../../../arm-none-eabi/lib/thumb/v7-m\libc.a(lib_a-init.o)
                0x00086418                __libc_init_array
 .text          0x00086468       0xec c:/program files (x86)/atmel/studio/7.0/toolchain/arm/arm-gnu-toolchain/bin/../lib/gcc/arm-none-eabi/6.3.1/../../../../arm-none-eabi/lib/thumb/v7-m\libc.a(lib_a-memcpy.o)
                0x00086468                memcpy
 .text.memset   0x00086554       0x9c c:/program files (x86)/atmel/studio/7.0/toolchain/arm/arm-gnu-toolchain/bin/../lib/gcc/arm-none-eabi/6.3.1/../../../../arm-none-eabi/lib/thumb/v7-m\libc.a(lib_a-memset.o)
                0x00086554                memset
 .text._puts_r  0x000865f0       0x9c c:/program files (x86)/atmel/studio/7.0/toolchain/arm/arm-gnu-toolchain/bin/../lib/gcc/arm-none-eabi/6.3.1/../../../../arm-none-eabi/lib/thumb/v7-m\libc.a(lib_a-puts.o)
                0x000865f0                _puts_r
 .text.puts     0x0008668c       0x10 c:/program files (x86)/atmel/studio/7.0/toolchain/arm/arm-gnu-toolchain/bin/../lib/gcc/arm-none-eabi/6.3.1/../../../../arm-none-eabi/lib/thumb/v7-m\libc.a(lib_a-puts.o)
                0x0008668c                puts
 .text.setbuf   0x0008669c       0x10 c:/program files (x86)/atmel/studio/7.0/toolchain/arm/arm-gnu-toolchain/bin/../lib/gcc/arm-none-eabi/6.3.1/../../../../arm-none-eabi/lib/thumb/v7-m\libc.a(lib_a-setbuf.o)
                0x0008669c                setbuf
 .text.setvbuf  0x000866ac      0x190 c:/program files (x86)/atmel/studio/7.0/toolchain/arm/arm-gnu-toolchain/bin/../lib/gcc/arm-none-eabi/6.3.1/../../../../arm-none-eabi/lib/thumb/v7-m\libc.a(lib_a-setvbuf.o)
                0x000866ac                setvbuf
 .text.strlen   0x0008683c       0x5c c:/program files (x86)/atmel/studio/7.0/toolchain/arm/arm-gnu-toolchain/bin/../lib/gcc/arm-none-eabi/6.3.1/../../../../arm-none-eabi/lib/thumb/v7-m\libc.a(lib_a-strlen-stub.o)
                0x0008683c                strlen
 .text.startup.register_fini
                0x00086898       0x14 c:/program files (x86)/atmel/studio/7.0/toolchain/arm/arm-gnu-toolchain/bin/../lib/gcc/arm-none-eabi/6.3.1/../../../../arm-none-eabi/lib/thumb/v7-m\libc.a(lib_a-__call_atexit.o)
 .text.atexit   0x000868ac        0xc c:/program files (x86)/atmel/studio/7.0/toolchain/arm/arm-gnu-toolchain/bin/../lib/gcc/arm-none-eabi/6.3.1/../../../../arm-none-eabi/lib/thumb/v7-m\libc.a(lib_a-atexit.o)
                0x000868ac                atexit
 .text.__sflush_r
                0x000868b8      0x138 c:/program files (x86)/atmel/studio/7.0/toolchain/arm/arm-gnu-toolchain/bin/../lib/gcc/arm-none-eabi/6.3.1/../../../../arm-none-eabi/lib/thumb/v7-m\libc.a(lib_a-fflush.o)
                0x000868b8                __sflush_r
 .text._fflush_r
                0x000869f0       0x54 c:/program files (x86)/atmel/studio/7.0/toolchain/arm/arm-gnu-toolchain/bin/../lib/gcc/arm-none-eabi/6.3.1/../../../../arm-none-eabi/lib/thumb/v7-m\libc.a(lib_a-fflush.o)
                0x000869f0                _fflush_r
 .text._cleanup_r
                0x00086a44        0xc c:/program files (x86)/atmel/studio/7.0/toolchain/arm/arm-gnu-toolchain/bin/../lib/gcc/arm-none-eabi/6.3.1/../../../../arm-none-eabi/lib/thumb/v7-m\libc.a(lib_a-findfp.o)
                0x00086a44                _cleanup_r
 .text.std.isra.0
                0x00086a50       0x50 c:/program files (x86)/atmel/studio/7.0/toolchain/arm/arm-gnu-toolchain/bin/../lib/gcc/arm-none-eabi/6.3.1/../../../../arm-none-eabi/lib/thumb/v7-m\libc.a(lib_a-findfp.o)
 .text.__sinit  0x00086aa0       0x60 c:/program files (x86)/atmel/studio/7.0/toolchain/arm/arm-gnu-toolchain/bin/../lib/gcc/arm-none-eabi/6.3.1/../../../../arm-none-eabi/lib/thumb/v7-m\libc.a(lib_a-findfp.o)
                0x00086aa0                __sinit
 .text.__sfp_lock_acquire
                0x00086b00        0xc c:/program files (x86)/atmel/studio/7.0/toolchain/arm/arm-gnu-toolchain/bin/../lib/gcc/arm-none-eabi/6.3.1/../../../../arm-none-eabi/lib/thumb/v7-m\libc.a(lib_a-findfp.o)
                0x00086b00                __sfp_lock_acquire
 .text.__sfp_lock_release
                0x00086b0c        0xc c:/program files (x86)/atmel/studio/7.0/toolchain/arm/arm-gnu-toolchain/bin/../lib/gcc/arm-none-eabi/6.3.1/../../../../arm-none-eabi/lib/thumb/v7-m\libc.a(lib_a-findfp.o)
                0x00086b0c                __sfp_lock_release
 .text.__libc_fini_array
                0x00086b18       0x34 c:/program files (x86)/atmel/studio/7.0/toolchain/arm/arm-gnu-toolchain/bin/../lib/gcc/arm-none-eabi/6.3.1/../../../../arm-none-eabi/lib/thumb/v7-m\libc.a(lib_a-fini.o)
                0x00086b18                __libc_fini_array
 .text._malloc_trim_r
                0x00086b4c       0xa0 c:/program files (x86)/atmel/studio/7.0/toolchain/arm/arm-gnu-toolchain/bin/../lib/gcc/arm-none-eabi/6.3.1/../../../../arm-none-eabi/lib/thumb/v7-m\libc.a(lib_a-freer.o)
                0x00086b4c                _malloc_trim_r
 .text._free_r  0x00086bec      0x1cc c:/program files (x86)/atmel/studio/7.0/toolchain/arm/arm-gnu-toolchain/bin/../lib/gcc/arm-none-eabi/6.3.1/../../../../arm-none-eabi/lib/thumb/v7-m\libc.a(lib_a-freer.o)
                0x00086bec                _free_r
 .text.__sfvwrite_r
                0x00086db8      0x2f4 c:/program files (x86)/atmel/studio/7.0/toolchain/arm/arm-gnu-toolchain/bin/../lib/gcc/arm-none-eabi/6.3.1/../../../../arm-none-eabi/lib/thumb/v7-m\libc.a(lib_a-fvwrite.o)
                0x00086db8                __sfvwrite_r
 .text._fwalk_reent
                0x000870ac       0x50 c:/program files (x86)/atmel/studio/7.0/toolchain/arm/arm-gnu-toolchain/bin/../lib/gcc/arm-none-eabi/6.3.1/../../../../arm-none-eabi/lib/thumb/v7-m\libc.a(lib_a-fwalk.o)
                0x000870ac                _fwalk_reent
 .text.__retarget_lock_init_recursive
                0x000870fc        0x4 c:/program files (x86)/atmel/studio/7.0/toolchain/arm/arm-gnu-toolchain/bin/../lib/gcc/arm-none-eabi/6.3.1/../../../../arm-none-eabi/lib/thumb/v7-m\libc.a(lib_a-lock.o)
                0x000870fc                __retarget_lock_init_recursive
 .text.__retarget_lock_close_recursive
                0x00087100        0x4 c:/program files (x86)/atmel/studio/7.0/toolchain/arm/arm-gnu-toolchain/bin/../lib/gcc/arm-none-eabi/6.3.1/../../../../arm-none-eabi/lib/thumb/v7-m\libc.a(lib_a-lock.o)
                0x00087100                __retarget_lock_close_recursive
 .text.__retarget_lock_acquire_recursive
                0x00087104        0x4 c:/program files (x86)/atmel/studio/7.0/toolchain/arm/arm-gnu-toolchain/bin/../lib/gcc/arm-none-eabi/6.3.1/../../../../arm-none-eabi/lib/thumb/v7-m\libc.a(lib_a-lock.o)
                0x00087104                __retarget_lock_acquire_recursive
 .text.__retarget_lock_release_recursive
                0x00087108        0x4 c:/program files (x86)/atmel/studio/7.0/toolchain/arm/arm-gnu-toolchain/bin/../lib/gcc/arm-none-eabi/6.3.1/../../../../arm-none-eabi/lib/thumb/v7-m\libc.a(lib_a-lock.o)
                0x00087108                __retarget_lock_release_recursive
 .text.__swhatbuf_r
                0x0008710c       0x5c c:/program files (x86)/atmel/studio/7.0/toolchain/arm/arm-gnu-toolchain/bin/../lib/gcc/arm-none-eabi/6.3.1/../../../../arm-none-eabi/lib/thumb/v7-m\libc.a(lib_a-makebuf.o)
                0x0008710c                __swhatbuf_r
 .text.__smakebuf_r
                0x00087168       0x94 c:/program files (x86)/atmel/studio/7.0/toolchain/arm/arm-gnu-toolchain/bin/../lib/gcc/arm-none-eabi/6.3.1/../../../../arm-none-eabi/lib/thumb/v7-m\libc.a(lib_a-makebuf.o)
                0x00087168                __smakebuf_r
 .text.malloc   0x000871fc       0x10 c:/program files (x86)/atmel/studio/7.0/toolchain/arm/arm-gnu-toolchain/bin/../lib/gcc/arm-none-eabi/6.3.1/../../../../arm-none-eabi/lib/thumb/v7-m\libc.a(lib_a-malloc.o)
                0x000871fc                malloc
 .text._malloc_r
                0x0008720c      0x544 c:/program files (x86)/atmel/studio/7.0/toolchain/arm/arm-gnu-toolchain/bin/../lib/gcc/arm-none-eabi/6.3.1/../../../../arm-none-eabi/lib/thumb/v7-m\libc.a(lib_a-mallocr.o)
                0x0008720c                _malloc_r
 .text.memchr   0x00087750       0x8c c:/program files (x86)/atmel/studio/7.0/toolchain/arm/arm-gnu-toolchain/bin/../lib/gcc/arm-none-eabi/6.3.1/../../../../arm-none-eabi/lib/thumb/v7-m\libc.a(lib_a-memchr-stub.o)
                0x00087750                memchr
 .text.memmove  0x000877dc       0xc8 c:/program files (x86)/atmel/studio/7.0/toolchain/arm/arm-gnu-toolchain/bin/../lib/gcc/arm-none-eabi/6.3.1/../../../../arm-none-eabi/lib/thumb/v7-m\libc.a(lib_a-memmove.o)
                0x000877dc                memmove
 .text.__malloc_lock
                0x000878a4        0xc c:/program files (x86)/atmel/studio/7.0/toolchain/arm/arm-gnu-toolchain/bin/../lib/gcc/arm-none-eabi/6.3.1/../../../../arm-none-eabi/lib/thumb/v7-m\libc.a(lib_a-mlock.o)
                0x000878a4                __malloc_lock
 .text.__malloc_unlock
                0x000878b0        0xc c:/program files (x86)/atmel/studio/7.0/toolchain/arm/arm-gnu-toolchain/bin/../lib/gcc/arm-none-eabi/6.3.1/../../../../arm-none-eabi/lib/thumb/v7-m\libc.a(lib_a-mlock.o)
                0x000878b0                __malloc_unlock
 .text._realloc_r
                0x000878bc      0x36c c:/program files (x86)/atmel/studio/7.0/toolchain/arm/arm-gnu-toolchain/bin/../lib/gcc/arm-none-eabi/6.3.1/../../../../arm-none-eabi/lib/thumb/v7-m\libc.a(lib_a-reallocr.o)
                0x000878bc                _realloc_r
 .text._sbrk_r  0x00087c28       0x24 c:/program files (x86)/atmel/studio/7.0/toolchain/arm/arm-gnu-toolchain/bin/../lib/gcc/arm-none-eabi/6.3.1/../../../../arm-none-eabi/lib/thumb/v7-m\libc.a(lib_a-sbrkr.o)
                0x00087c28                _sbrk_r
 .text.__sread  0x00087c4c       0x24 c:/program files (x86)/atmel/studio/7.0/toolchain/arm/arm-gnu-toolchain/bin/../lib/gcc/arm-none-eabi/6.3.1/../../../../arm-none-eabi/lib/thumb/v7-m\libc.a(lib_a-stdio.o)
                0x00087c4c                __sread
 .text.__swrite
                0x00087c70       0x3c c:/program files (x86)/atmel/studio/7.0/toolchain/arm/arm-gnu-toolchain/bin/../lib/gcc/arm-none-eabi/6.3.1/../../../../arm-none-eabi/lib/thumb/v7-m\libc.a(lib_a-stdio.o)
                0x00087c70                __swrite
 .text.__sseek  0x00087cac       0x20 c:/program files (x86)/atmel/studio/7.0/toolchain/arm/arm-gnu-toolchain/bin/../lib/gcc/arm-none-eabi/6.3.1/../../../../arm-none-eabi/lib/thumb/v7-m\libc.a(lib_a-stdio.o)
                0x00087cac                __sseek
 .text.__sclose
                0x00087ccc        0x8 c:/program files (x86)/atmel/studio/7.0/toolchain/arm/arm-gnu-toolchain/bin/../lib/gcc/arm-none-eabi/6.3.1/../../../../arm-none-eabi/lib/thumb/v7-m\libc.a(lib_a-stdio.o)
                0x00087ccc                __sclose
 .text._write_r
                0x00087cd4       0x2c c:/program files (x86)/atmel/studio/7.0/toolchain/arm/arm-gnu-toolchain/bin/../lib/gcc/arm-none-eabi/6.3.1/../../../../arm-none-eabi/lib/thumb/v7-m\libc.a(lib_a-writer.o)
                0x00087cd4                _write_r
 .text.__swsetup_r
                0x00087d00       0xc8 c:/program files (x86)/atmel/studio/7.0/toolchain/arm/arm-gnu-toolchain/bin/../lib/gcc/arm-none-eabi/6.3.1/../../../../arm-none-eabi/lib/thumb/v7-m\libc.a(lib_a-wsetup.o)
                0x00087d00                __swsetup_r
 .text.__register_exitproc
                0x00087dc8       0xc4 c:/program files (x86)/atmel/studio/7.0/toolchain/arm/arm-gnu-toolchain/bin/../lib/gcc/arm-none-eabi/6.3.1/../../../../arm-none-eabi/lib/thumb/v7-m\libc.a(lib_a-__atexit.o)
                0x00087dc8                __register_exitproc
 .text._close_r
                0x00087e8c       0x24 c:/program files (x86)/atmel/studio/7.0/toolchain/arm/arm-gnu-toolchain/bin/../lib/gcc/arm-none-eabi/6.3.1/../../../../arm-none-eabi/lib/thumb/v7-m\libc.a(lib_a-closer.o)
                0x00087e8c                _close_r
 .text._fclose_r
                0x00087eb0       0xc4 c:/program files (x86)/atmel/studio/7.0/toolchain/arm/arm-gnu-toolchain/bin/../lib/gcc/arm-none-eabi/6.3.1/../../../../arm-none-eabi/lib/thumb/v7-m\libc.a(lib_a-fclose.o)
                0x00087eb0                _fclose_r
 .text._fstat_r
                0x00087f74       0x28 c:/program files (x86)/atmel/studio/7.0/toolchain/arm/arm-gnu-toolchain/bin/../lib/gcc/arm-none-eabi/6.3.1/../../../../arm-none-eabi/lib/thumb/v7-m\libc.a(lib_a-fstatr.o)
                0x00087f74                _fstat_r
 .text._isatty_r
                0x00087f9c       0x24 c:/program files (x86)/atmel/studio/7.0/toolchain/arm/arm-gnu-toolchain/bin/../lib/gcc/arm-none-eabi/6.3.1/../../../../arm-none-eabi/lib/thumb/v7-m\libc.a(lib_a-isattyr.o)
                0x00087f9c                _isatty_r
 .text._lseek_r
                0x00087fc0       0x2c c:/program files (x86)/atmel/studio/7.0/toolchain/arm/arm-gnu-toolchain/bin/../lib/gcc/arm-none-eabi/6.3.1/../../../../arm-none-eabi/lib/thumb/v7-m\libc.a(lib_a-lseekr.o)
                0x00087fc0                _lseek_r
 .text._read_r  0x00087fec       0x2c c:/program files (x86)/atmel/studio/7.0/toolchain/arm/arm-gnu-toolchain/bin/../lib/gcc/arm-none-eabi/6.3.1/../../../../arm-none-eabi/lib/thumb/v7-m\libc.a(lib_a-readr.o)
                0x00087fec                _read_r
 *(.glue_7t)
 .glue_7t       0x00088018        0x0 linker stubs
 *(.glue_7)
 .glue_7        0x00088018        0x0 linker stubs
 *(.rodata .rodata* .gnu.linkonce.r.*)
 .rodata.can_bit_time
                0x00088018       0x6c src/ASF/sam/drivers/can/can.o
                0x00088018                can_bit_time
 .rodata        0x00088084      0x275 src/can_example.o
 *fill*         0x000882f9        0x3 
 .rodata._global_impure_ptr
                0x000882fc        0x4 c:/program files (x86)/atmel/studio/7.0/toolchain/arm/arm-gnu-toolchain/bin/../lib/gcc/arm-none-eabi/6.3.1/../../../../arm-none-eabi/lib/thumb/v7-m\libc.a(lib_a-impure.o)
                0x000882fc                _global_impure_ptr
 .rodata._puts_r.str1.4
                0x00088300        0x4 c:/program files (x86)/atmel/studio/7.0/toolchain/arm/arm-gnu-toolchain/bin/../lib/gcc/arm-none-eabi/6.3.1/../../../../arm-none-eabi/lib/thumb/v7-m\libc.a(lib_a-puts.o)
                                  0x2 (size before relaxing)
 *(.ARM.extab* .gnu.linkonce.armextab.*)
                0x00088304                . = ALIGN (0x4)
 *(.init)
 .init          0x00088304        0x4 c:/program files (x86)/atmel/studio/7.0/toolchain/arm/arm-gnu-toolchain/bin/../lib/gcc/arm-none-eabi/6.3.1/thumb/v7-m/crti.o
                0x00088304                _init
 .init          0x00088308        0x8 c:/program files (x86)/atmel/studio/7.0/toolchain/arm/arm-gnu-toolchain/bin/../lib/gcc/arm-none-eabi/6.3.1/thumb/v7-m/crtn.o
                0x00088310                . = ALIGN (0x4)
                0x00088310                __preinit_array_start = .
 *(.preinit_array)
                0x00088310                __preinit_array_end = .
                0x00088310                . = ALIGN (0x4)
                0x00088310                __init_array_start = .
 *(SORT(.init_array.*))
 .init_array.00000
                0x00088310        0x4 c:/program files (x86)/atmel/studio/7.0/toolchain/arm/arm-gnu-toolchain/bin/../lib/gcc/arm-none-eabi/6.3.1/../../../../arm-none-eabi/lib/thumb/v7-m\libc.a(lib_a-__call_atexit.o)
 *(.init_array)
 .init_array    0x00088314        0x4 c:/program files (x86)/atmel/studio/7.0/toolchain/arm/arm-gnu-toolchain/bin/../lib/gcc/arm-none-eabi/6.3.1/thumb/v7-m/crtbegin.o
                0x00088318                __init_array_end = .
                0x00088318                . = ALIGN (0x4)
 *crtbegin.o(.ctors)
 *(EXCLUDE_FILE(*crtend.o) .ctors)
 *(SORT(.ctors.*))
 *crtend.o(.ctors)
                0x00088318                . = ALIGN (0x4)
 *(.fini)
 .fini          0x00088318        0x4 c:/program files (x86)/atmel/studio/7.0/toolchain/arm/arm-gnu-toolchain/bin/../lib/gcc/arm-none-eabi/6.3.1/thumb/v7-m/crti.o
                0x00088318                _fini
 .fini          0x0008831c        0x8 c:/program files (x86)/atmel/studio/7.0/toolchain/arm/arm-gnu-toolchain/bin/../lib/gcc/arm-none-eabi/6.3.1/thumb/v7-m/crtn.o
                0x00088324                . = ALIGN (0x4)
                0x00088324                __fini_array_start = .
 *(.fini_array)
 .fini_array    0x00088324        0x4 c:/program files (x86)/atmel/studio/7.0/toolchain/arm/arm-gnu-toolchain/bin/../lib/gcc/arm-none-eabi/6.3.1/thumb/v7-m/crtbegin.o
 *(SORT(.fini_array.*))
                0x00088328                __fini_array_end = .
 *crtbegin.o(.dtors)
 *(EXCLUDE_FILE(*crtend.o) .dtors)
 *(SORT(.dtors.*))
 *crtend.o(.dtors)
                0x00088328                . = ALIGN (0x4)
                0x00088328                _efixed = .
                [!provide]                PROVIDE (__exidx_start, .)

.vfp11_veneer   0x00088328        0x0
 .vfp11_veneer  0x00088328        0x0 linker stubs

.v4_bx          0x00088328        0x0
 .v4_bx         0x00088328        0x0 linker stubs

.iplt           0x00088328        0x0
 .iplt          0x00088328        0x0 c:/program files (x86)/atmel/studio/7.0/toolchain/arm/arm-gnu-toolchain/bin/../lib/gcc/arm-none-eabi/6.3.1/thumb/v7-m/crtbegin.o

.eh_frame       0x00088328        0x0
 .eh_frame      0x00088328        0x0 c:/program files (x86)/atmel/studio/7.0/toolchain/arm/arm-gnu-toolchain/bin/../lib/gcc/arm-none-eabi/6.3.1/thumb/v7-m/crtbegin.o

.rel.dyn        0x00088328        0x0
 .rel.iplt      0x00088328        0x0 c:/program files (x86)/atmel/studio/7.0/toolchain/arm/arm-gnu-toolchain/bin/../lib/gcc/arm-none-eabi/6.3.1/thumb/v7-m/crtbegin.o

.jcr            0x00088328        0x0
 .jcr           0x00088328        0x0 c:/program files (x86)/atmel/studio/7.0/toolchain/arm/arm-gnu-toolchain/bin/../lib/gcc/arm-none-eabi/6.3.1/thumb/v7-m/crtbegin.o

.igot.plt       0x00088328        0x0
 .igot.plt      0x00088328        0x0 c:/program files (x86)/atmel/studio/7.0/toolchain/arm/arm-gnu-toolchain/bin/../lib/gcc/arm-none-eabi/6.3.1/thumb/v7-m/crtbegin.o

.ARM.exidx
 *(.ARM.exidx* .gnu.linkonce.armexidx.*)
                [!provide]                PROVIDE (__exidx_end, .)
                0x00088328                . = ALIGN (0x4)
                0x00088328                _etext = .

.relocate       0x20070000      0x9d4 load address 0x00088328
                0x20070000                . = ALIGN (0x4)
                0x20070000                _srelocate = .
 *(.ramfunc .ramfunc.*)
 .ramfunc       0x20070000      0x18c src/ASF/sam/utils/cmsis/sam3x/source/templates/system_sam3x.o
                0x20070000                SystemInit
                0x200700d0                system_init_flash
 *(.data .data.*)
 .data.SystemCoreClock
                0x2007018c        0x4 src/ASF/sam/utils/cmsis/sam3x/source/templates/system_sam3x.o
                0x2007018c                SystemCoreClock
 .data._impure_ptr
                0x20070190        0x4 c:/program files (x86)/atmel/studio/7.0/toolchain/arm/arm-gnu-toolchain/bin/../lib/gcc/arm-none-eabi/6.3.1/../../../../arm-none-eabi/lib/thumb/v7-m\libc.a(lib_a-impure.o)
                0x20070190                _impure_ptr
 *fill*         0x20070194        0x4 
 .data.impure_data
                0x20070198      0x428 c:/program files (x86)/atmel/studio/7.0/toolchain/arm/arm-gnu-toolchain/bin/../lib/gcc/arm-none-eabi/6.3.1/../../../../arm-none-eabi/lib/thumb/v7-m\libc.a(lib_a-impure.o)
 .data.__atexit_recursive_mutex
                0x200705c0        0x4 c:/program files (x86)/atmel/studio/7.0/toolchain/arm/arm-gnu-toolchain/bin/../lib/gcc/arm-none-eabi/6.3.1/../../../../arm-none-eabi/lib/thumb/v7-m\libc.a(lib_a-__call_atexit.o)
                0x200705c0                __atexit_recursive_mutex
 .data.__malloc_av_
                0x200705c4      0x408 c:/program files (x86)/atmel/studio/7.0/toolchain/arm/arm-gnu-toolchain/bin/../lib/gcc/arm-none-eabi/6.3.1/../../../../arm-none-eabi/lib/thumb/v7-m\libc.a(lib_a-mallocr.o)
                0x200705c4                __malloc_av_
 .data.__malloc_sbrk_base
                0x200709cc        0x4 c:/program files (x86)/atmel/studio/7.0/toolchain/arm/arm-gnu-toolchain/bin/../lib/gcc/arm-none-eabi/6.3.1/../../../../arm-none-eabi/lib/thumb/v7-m\libc.a(lib_a-mallocr.o)
                0x200709cc                __malloc_sbrk_base
 .data.__malloc_trim_threshold
                0x200709d0        0x4 c:/program files (x86)/atmel/studio/7.0/toolchain/arm/arm-gnu-toolchain/bin/../lib/gcc/arm-none-eabi/6.3.1/../../../../arm-none-eabi/lib/thumb/v7-m\libc.a(lib_a-mallocr.o)
                0x200709d0                __malloc_trim_threshold
                0x200709d4                . = ALIGN (0x4)
                0x200709d4                _erelocate = .

.bss            0x200709d8      0x78c load address 0x00088d00
                0x200709d8                . = ALIGN (0x4)
                0x200709d8                _sbss = .
                0x200709d8                _szero = .
 *(.bss .bss.*)
 .bss           0x200709d8       0x1c c:/program files (x86)/atmel/studio/7.0/toolchain/arm/arm-gnu-toolchain/bin/../lib/gcc/arm-none-eabi/6.3.1/thumb/v7-m/crtbegin.o
 .bss.xprvMpbTimeBase
                0x200709f4       0xd0 src/ASF/sam/components/laser/TimeBaseManagement.o
 *fill*         0x20070ac4        0x4 
 .bss.cRPDO_401
                0x20070ac8       0x18 src/ASF/sam/drivers/can/canDictionary.o
 .bss.cRPDO_402
                0x20070ae0       0x18 src/ASF/sam/drivers/can/canDictionary.o
 .bss.cRPDO_403
                0x20070af8       0x18 src/ASF/sam/drivers/can/canDictionary.o
 .bss.cRPDO_404
                0x20070b10       0x18 src/ASF/sam/drivers/can/canDictionary.o
 .bss.cRPDO_406
                0x20070b28       0x18 src/ASF/sam/drivers/can/canDictionary.o
 .bss.cRPDO_407
                0x20070b40       0x18 src/ASF/sam/drivers/can/canDictionary.o
 .bss.cRPDO_408
                0x20070b58       0x18 src/ASF/sam/drivers/can/canDictionary.o
 .bss.cRPDO_409
                0x20070b70       0x18 src/ASF/sam/drivers/can/canDictionary.o
 .bss.gs_interrupt_sources
                0x20070b88       0x70 src/ASF/sam/drivers/pio/pio_handler.o
 .bss.ul_reg_val.7444
                0x20070bf8        0x4 src/ASF/sam/drivers/usart/usart.o
 .bss.heap.5297
                0x20070bfc        0x4 src/ASF/sam/utils/syscalls/gcc/syscalls.o
 .bss.error     0x20070c00        0x1 src/can_example.o
 .bss.mode      0x20070c01        0x1 src/can_example.o
 *fill*         0x20070c02        0x2 
 .bss.estado    0x20070c04        0x4 src/can_example.o
 .bss.numberTest
                0x20070c08        0x2 src/can_example.o
 *fill*         0x20070c0a        0x2 
 .bss.tiemStamp
                0x20070c0c        0x4 src/can_example.o
 .bss.g_ul_ms_ticks
                0x20070c10        0x4 src/can_example.o
                0x20070c10                g_ul_ms_ticks
 .bss.pulTickForContinuosModeControl
                0x20070c14        0x4 src/can_example.o
 .bss.ulLaserControlTimer
                0x20070c18        0x4 src/can_example.o
 .bss.ulFmeaLoggerTimer
                0x20070c1c        0x4 src/can_example.o
 .bss.__malloc_current_mallinfo
                0x20070c20       0x28 c:/program files (x86)/atmel/studio/7.0/toolchain/arm/arm-gnu-toolchain/bin/../lib/gcc/arm-none-eabi/6.3.1/../../../../arm-none-eabi/lib/thumb/v7-m\libc.a(lib_a-mallocr.o)
                0x20070c20                __malloc_current_mallinfo
 .bss.__malloc_max_sbrked_mem
                0x20070c48        0x4 c:/program files (x86)/atmel/studio/7.0/toolchain/arm/arm-gnu-toolchain/bin/../lib/gcc/arm-none-eabi/6.3.1/../../../../arm-none-eabi/lib/thumb/v7-m\libc.a(lib_a-mallocr.o)
                0x20070c48                __malloc_max_sbrked_mem
 .bss.__malloc_max_total_mem
                0x20070c4c        0x4 c:/program files (x86)/atmel/studio/7.0/toolchain/arm/arm-gnu-toolchain/bin/../lib/gcc/arm-none-eabi/6.3.1/../../../../arm-none-eabi/lib/thumb/v7-m\libc.a(lib_a-mallocr.o)
                0x20070c4c                __malloc_max_total_mem
 .bss.__malloc_top_pad
                0x20070c50        0x4 c:/program files (x86)/atmel/studio/7.0/toolchain/arm/arm-gnu-toolchain/bin/../lib/gcc/arm-none-eabi/6.3.1/../../../../arm-none-eabi/lib/thumb/v7-m\libc.a(lib_a-mallocr.o)
                0x20070c50                __malloc_top_pad
 *(COMMON)
 COMMON         0x20070c54        0x4 src/ASF/common/utils/stdio/read.o
                0x20070c54                ptr_get
 COMMON         0x20070c58        0x8 src/ASF/common/utils/stdio/write.o
                0x20070c58                ptr_put
                0x20070c5c                stdio_base
 COMMON         0x20070c60      0x4da src/ASF/sam/drivers/can/can.o
                0x20070c60                rx_buffer_head
                0x20070c62                rx_buffer_tail
                0x20070c64                cbCANFrame_1
                0x20070c88                tx_buffer_head
                0x20070c90                tx_frame_buff
                0x20070e10                cbCANFrame
                0x20070e38                rx_frame_buff
                0x20071138                tx_buffer_tail
 *fill*         0x2007113a        0x2 
 COMMON         0x2007113c       0x21 c:/program files (x86)/atmel/studio/7.0/toolchain/arm/arm-gnu-toolchain/bin/../lib/gcc/arm-none-eabi/6.3.1/../../../../arm-none-eabi/lib/thumb/v7-m\libc.a(lib_a-lock.o)
                0x2007113c                __lock___atexit_recursive_mutex
                0x20071140                __lock___arc4random_mutex
                0x20071144                __lock___env_recursive_mutex
                0x20071148                __lock___sinit_recursive_mutex
                0x2007114c                __lock___malloc_recursive_mutex
                0x20071150                __lock___at_quick_exit_mutex
                0x20071154                __lock___dd_hash_mutex
                0x20071158                __lock___tz_mutex
                0x2007115c                __lock___sfp_recursive_mutex
 *fill*         0x2007115d        0x3 
 COMMON         0x20071160        0x4 c:/program files (x86)/atmel/studio/7.0/toolchain/arm/arm-gnu-toolchain/bin/../lib/gcc/arm-none-eabi/6.3.1/../../../../arm-none-eabi/lib/thumb/v7-m\libc.a(lib_a-reent.o)
                0x20071160                errno
                0x20071164                . = ALIGN (0x4)
                0x20071164                _ebss = .
                0x20071164                _ezero = .

.stack          0x20071164     0x2004 load address 0x0008948c
                0x20071168                . = ALIGN (0x8)
 *fill*         0x20071164        0x4 
                0x20071168                _sstack = .
                0x20073168                . = (. + __stack_size__)
 *fill*         0x20071168     0x2000 
                0x20073168                . = ALIGN (0x8)
                0x20073168                _estack = .
                0x20073168                . = ALIGN (0x4)
                0x20073168                _end = .
OUTPUT(CAN_CAN_EXAMPLE_repeat.elf elf32-littlearm)

.ARM.attributes
                0x00000000       0x29
 .ARM.attributes
                0x00000000       0x1d c:/program files (x86)/atmel/studio/7.0/toolchain/arm/arm-gnu-toolchain/bin/../lib/gcc/arm-none-eabi/6.3.1/thumb/v7-m/crti.o
 .ARM.attributes
                0x0000001d       0x2d c:/program files (x86)/atmel/studio/7.0/toolchain/arm/arm-gnu-toolchain/bin/../lib/gcc/arm-none-eabi/6.3.1/thumb/v7-m/crtbegin.o
 .ARM.attributes
                0x0000004a       0x33 src/ASF/common/services/clock/sam3x/sysclk.o
 .ARM.attributes
                0x0000007d       0x33 src/ASF/common/utils/stdio/read.o
 .ARM.attributes
                0x000000b0       0x33 src/ASF/common/utils/stdio/write.o
 .ARM.attributes
                0x000000e3       0x33 src/ASF/sam/boards/sam3x_ek/init.o
 .ARM.attributes
                0x00000116       0x33 src/ASF/sam/components/laser/TimeBaseManagement.o
 .ARM.attributes
                0x00000149       0x33 src/ASF/sam/drivers/can/can.o
 .ARM.attributes
                0x0000017c       0x33 src/ASF/sam/drivers/can/canDictionary.o
 .ARM.attributes
                0x000001af       0x33 src/ASF/sam/drivers/can/dictionaryUtils.o
 .ARM.attributes
                0x000001e2       0x33 src/ASF/sam/drivers/pio/pio.o
 .ARM.attributes
                0x00000215       0x33 src/ASF/sam/drivers/pio/pio_handler.o
 .ARM.attributes
                0x00000248       0x33 src/ASF/sam/drivers/pmc/pmc.o
 .ARM.attributes
                0x0000027b       0x33 src/ASF/sam/drivers/uart/uart.o
 .ARM.attributes
                0x000002ae       0x33 src/ASF/sam/drivers/usart/usart.o
 .ARM.attributes
                0x000002e1       0x33 src/ASF/sam/utils/cmsis/sam3x/source/templates/exceptions.o
 .ARM.attributes
                0x00000314       0x33 src/ASF/sam/utils/cmsis/sam3x/source/templates/gcc/startup_sam3x.o
 .ARM.attributes
                0x00000347       0x33 src/ASF/sam/utils/cmsis/sam3x/source/templates/system_sam3x.o
 .ARM.attributes
                0x0000037a       0x33 src/ASF/sam/utils/syscalls/gcc/syscalls.o
 .ARM.attributes
                0x000003ad       0x33 src/can_example.o
 .ARM.attributes
                0x000003e0       0x33 ../../../../../../../mpbComponentSam/mpbTiming/mpbTime/mpbTime/Debug\libmpbTime.a(mpbTimeBase.o)
 .ARM.attributes
                0x00000413       0x1d c:/program files (x86)/atmel/studio/7.0/toolchain/arm/arm-gnu-toolchain/bin/../lib/gcc/arm-none-eabi/6.3.1/thumb/v7-m\libgcc.a(_arm_addsubdf3.o)
 .ARM.attributes
                0x00000430       0x1d c:/program files (x86)/atmel/studio/7.0/toolchain/arm/arm-gnu-toolchain/bin/../lib/gcc/arm-none-eabi/6.3.1/thumb/v7-m\libgcc.a(_arm_fixdfsi.o)
 .ARM.attributes
                0x0000044d       0x1d c:/program files (x86)/atmel/studio/7.0/toolchain/arm/arm-gnu-toolchain/bin/../lib/gcc/arm-none-eabi/6.3.1/thumb/v7-m\libgcc.a(_arm_fixunsdfsi.o)
 .ARM.attributes
                0x0000046a       0x1d c:/program files (x86)/atmel/studio/7.0/toolchain/arm/arm-gnu-toolchain/bin/../lib/gcc/arm-none-eabi/6.3.1/thumb/v7-m\libgcc.a(_arm_addsubsf3.o)
 .ARM.attributes
                0x00000487       0x1d c:/program files (x86)/atmel/studio/7.0/toolchain/arm/arm-gnu-toolchain/bin/../lib/gcc/arm-none-eabi/6.3.1/thumb/v7-m\libgcc.a(_arm_muldivsf3.o)
 .ARM.attributes
                0x000004a4       0x1d c:/program files (x86)/atmel/studio/7.0/toolchain/arm/arm-gnu-toolchain/bin/../lib/gcc/arm-none-eabi/6.3.1/thumb/v7-m\libgcc.a(_arm_cmpsf2.o)
 .ARM.attributes
                0x000004c1       0x1d c:/program files (x86)/atmel/studio/7.0/toolchain/arm/arm-gnu-toolchain/bin/../lib/gcc/arm-none-eabi/6.3.1/thumb/v7-m\libgcc.a(_arm_fixunssfsi.o)
 .ARM.attributes
                0x000004de       0x2d c:/program files (x86)/atmel/studio/7.0/toolchain/arm/arm-gnu-toolchain/bin/../lib/gcc/arm-none-eabi/6.3.1/../../../../arm-none-eabi/lib/thumb/v7-m\libc.a(lib_a-impure.o)
 .ARM.attributes
                0x0000050b       0x2d c:/program files (x86)/atmel/studio/7.0/toolchain/arm/arm-gnu-toolchain/bin/../lib/gcc/arm-none-eabi/6.3.1/../../../../arm-none-eabi/lib/thumb/v7-m\libc.a(lib_a-init.o)
 .ARM.attributes
                0x00000538       0x1b c:/program files (x86)/atmel/studio/7.0/toolchain/arm/arm-gnu-toolchain/bin/../lib/gcc/arm-none-eabi/6.3.1/../../../../arm-none-eabi/lib/thumb/v7-m\libc.a(lib_a-memcpy.o)
 .ARM.attributes
                0x00000553       0x2d c:/program files (x86)/atmel/studio/7.0/toolchain/arm/arm-gnu-toolchain/bin/../lib/gcc/arm-none-eabi/6.3.1/../../../../arm-none-eabi/lib/thumb/v7-m\libc.a(lib_a-memset.o)
 .ARM.attributes
                0x00000580       0x2d c:/program files (x86)/atmel/studio/7.0/toolchain/arm/arm-gnu-toolchain/bin/../lib/gcc/arm-none-eabi/6.3.1/../../../../arm-none-eabi/lib/thumb/v7-m\libc.a(lib_a-puts.o)
 .ARM.attributes
                0x000005ad       0x2d c:/program files (x86)/atmel/studio/7.0/toolchain/arm/arm-gnu-toolchain/bin/../lib/gcc/arm-none-eabi/6.3.1/../../../../arm-none-eabi/lib/thumb/v7-m\libc.a(lib_a-setbuf.o)
 .ARM.attributes
                0x000005da       0x2d c:/program files (x86)/atmel/studio/7.0/toolchain/arm/arm-gnu-toolchain/bin/../lib/gcc/arm-none-eabi/6.3.1/../../../../arm-none-eabi/lib/thumb/v7-m\libc.a(lib_a-setvbuf.o)
 .ARM.attributes
                0x00000607       0x2d c:/program files (x86)/atmel/studio/7.0/toolchain/arm/arm-gnu-toolchain/bin/../lib/gcc/arm-none-eabi/6.3.1/../../../../arm-none-eabi/lib/thumb/v7-m\libc.a(lib_a-strlen-stub.o)
 .ARM.attributes
                0x00000634       0x2d c:/program files (x86)/atmel/studio/7.0/toolchain/arm/arm-gnu-toolchain/bin/../lib/gcc/arm-none-eabi/6.3.1/../../../../arm-none-eabi/lib/thumb/v7-m\libc.a(lib_a-__call_atexit.o)
 .ARM.attributes
                0x00000661       0x2d c:/program files (x86)/atmel/studio/7.0/toolchain/arm/arm-gnu-toolchain/bin/../lib/gcc/arm-none-eabi/6.3.1/../../../../arm-none-eabi/lib/thumb/v7-m\libc.a(lib_a-atexit.o)
 .ARM.attributes
                0x0000068e       0x2d c:/program files (x86)/atmel/studio/7.0/toolchain/arm/arm-gnu-toolchain/bin/../lib/gcc/arm-none-eabi/6.3.1/../../../../arm-none-eabi/lib/thumb/v7-m\libc.a(lib_a-fflush.o)
 .ARM.attributes
                0x000006bb       0x2d c:/program files (x86)/atmel/studio/7.0/toolchain/arm/arm-gnu-toolchain/bin/../lib/gcc/arm-none-eabi/6.3.1/../../../../arm-none-eabi/lib/thumb/v7-m\libc.a(lib_a-findfp.o)
 .ARM.attributes
                0x000006e8       0x2d c:/program files (x86)/atmel/studio/7.0/toolchain/arm/arm-gnu-toolchain/bin/../lib/gcc/arm-none-eabi/6.3.1/../../../../arm-none-eabi/lib/thumb/v7-m\libc.a(lib_a-fini.o)
 .ARM.attributes
                0x00000715       0x2d c:/program files (x86)/atmel/studio/7.0/toolchain/arm/arm-gnu-toolchain/bin/../lib/gcc/arm-none-eabi/6.3.1/../../../../arm-none-eabi/lib/thumb/v7-m\libc.a(lib_a-freer.o)
 .ARM.attributes
                0x00000742       0x2d c:/program files (x86)/atmel/studio/7.0/toolchain/arm/arm-gnu-toolchain/bin/../lib/gcc/arm-none-eabi/6.3.1/../../../../arm-none-eabi/lib/thumb/v7-m\libc.a(lib_a-fvwrite.o)
 .ARM.attributes
                0x0000076f       0x2d c:/program files (x86)/atmel/studio/7.0/toolchain/arm/arm-gnu-toolchain/bin/../lib/gcc/arm-none-eabi/6.3.1/../../../../arm-none-eabi/lib/thumb/v7-m\libc.a(lib_a-fwalk.o)
 .ARM.attributes
                0x0000079c       0x2d c:/program files (x86)/atmel/studio/7.0/toolchain/arm/arm-gnu-toolchain/bin/../lib/gcc/arm-none-eabi/6.3.1/../../../../arm-none-eabi/lib/thumb/v7-m\libc.a(lib_a-lock.o)
 .ARM.attributes
                0x000007c9       0x2d c:/program files (x86)/atmel/studio/7.0/toolchain/arm/arm-gnu-toolchain/bin/../lib/gcc/arm-none-eabi/6.3.1/../../../../arm-none-eabi/lib/thumb/v7-m\libc.a(lib_a-makebuf.o)
 .ARM.attributes
                0x000007f6       0x2d c:/program files (x86)/atmel/studio/7.0/toolchain/arm/arm-gnu-toolchain/bin/../lib/gcc/arm-none-eabi/6.3.1/../../../../arm-none-eabi/lib/thumb/v7-m\libc.a(lib_a-malloc.o)
 .ARM.attributes
                0x00000823       0x2d c:/program files (x86)/atmel/studio/7.0/toolchain/arm/arm-gnu-toolchain/bin/../lib/gcc/arm-none-eabi/6.3.1/../../../../arm-none-eabi/lib/thumb/v7-m\libc.a(lib_a-mallocr.o)
 .ARM.attributes
                0x00000850       0x2d c:/program files (x86)/atmel/studio/7.0/toolchain/arm/arm-gnu-toolchain/bin/../lib/gcc/arm-none-eabi/6.3.1/../../../../arm-none-eabi/lib/thumb/v7-m\libc.a(lib_a-memchr-stub.o)
 .ARM.attributes
                0x0000087d       0x2d c:/program files (x86)/atmel/studio/7.0/toolchain/arm/arm-gnu-toolchain/bin/../lib/gcc/arm-none-eabi/6.3.1/../../../../arm-none-eabi/lib/thumb/v7-m\libc.a(lib_a-memmove.o)
 .ARM.attributes
                0x000008aa       0x2d c:/program files (x86)/atmel/studio/7.0/toolchain/arm/arm-gnu-toolchain/bin/../lib/gcc/arm-none-eabi/6.3.1/../../../../arm-none-eabi/lib/thumb/v7-m\libc.a(lib_a-mlock.o)
 .ARM.attributes
                0x000008d7       0x2d c:/program files (x86)/atmel/studio/7.0/toolchain/arm/arm-gnu-toolchain/bin/../lib/gcc/arm-none-eabi/6.3.1/../../../../arm-none-eabi/lib/thumb/v7-m\libc.a(lib_a-reallocr.o)
 .ARM.attributes
                0x00000904       0x2d c:/program files (x86)/atmel/studio/7.0/toolchain/arm/arm-gnu-toolchain/bin/../lib/gcc/arm-none-eabi/6.3.1/../../../../arm-none-eabi/lib/thumb/v7-m\libc.a(lib_a-sbrkr.o)
 .ARM.attributes
                0x00000931       0x2d c:/program files (x86)/atmel/studio/7.0/toolchain/arm/arm-gnu-toolchain/bin/../lib/gcc/arm-none-eabi/6.3.1/../../../../arm-none-eabi/lib/thumb/v7-m\libc.a(lib_a-stdio.o)
 .ARM.attributes
                0x0000095e       0x2d c:/program files (x86)/atmel/studio/7.0/toolchain/arm/arm-gnu-toolchain/bin/../lib/gcc/arm-none-eabi/6.3.1/../../../../arm-none-eabi/lib/thumb/v7-m\libc.a(lib_a-writer.o)
 .ARM.attributes
                0x0000098b       0x2d c:/program files (x86)/atmel/studio/7.0/toolchain/arm/arm-gnu-toolchain/bin/../lib/gcc/arm-none-eabi/6.3.1/../../../../arm-none-eabi/lib/thumb/v7-m\libc.a(lib_a-wsetup.o)
 .ARM.attributes
                0x000009b8       0x2d c:/program files (x86)/atmel/studio/7.0/toolchain/arm/arm-gnu-toolchain/bin/../lib/gcc/arm-none-eabi/6.3.1/../../../../arm-none-eabi/lib/thumb/v7-m\libc.a(lib_a-__atexit.o)
 .ARM.attributes
                0x000009e5       0x2d c:/program files (x86)/atmel/studio/7.0/toolchain/arm/arm-gnu-toolchain/bin/../lib/gcc/arm-none-eabi/6.3.1/../../../../arm-none-eabi/lib/thumb/v7-m\libc.a(lib_a-closer.o)
 .ARM.attributes
                0x00000a12       0x2d c:/program files (x86)/atmel/studio/7.0/toolchain/arm/arm-gnu-toolchain/bin/../lib/gcc/arm-none-eabi/6.3.1/../../../../arm-none-eabi/lib/thumb/v7-m\libc.a(lib_a-fclose.o)
 .ARM.attributes
                0x00000a3f       0x2d c:/program files (x86)/atmel/studio/7.0/toolchain/arm/arm-gnu-toolchain/bin/../lib/gcc/arm-none-eabi/6.3.1/../../../../arm-none-eabi/lib/thumb/v7-m\libc.a(lib_a-fstatr.o)
 .ARM.attributes
                0x00000a6c       0x2d c:/program files (x86)/atmel/studio/7.0/toolchain/arm/arm-gnu-toolchain/bin/../lib/gcc/arm-none-eabi/6.3.1/../../../../arm-none-eabi/lib/thumb/v7-m\libc.a(lib_a-isattyr.o)
 .ARM.attributes
                0x00000a99       0x2d c:/program files (x86)/atmel/studio/7.0/toolchain/arm/arm-gnu-toolchain/bin/../lib/gcc/arm-none-eabi/6.3.1/../../../../arm-none-eabi/lib/thumb/v7-m\libc.a(lib_a-lseekr.o)
 .ARM.attributes
                0x00000ac6       0x2d c:/program files (x86)/atmel/studio/7.0/toolchain/arm/arm-gnu-toolchain/bin/../lib/gcc/arm-none-eabi/6.3.1/../../../../arm-none-eabi/lib/thumb/v7-m\libc.a(lib_a-readr.o)
 .ARM.attributes
                0x00000af3       0x2d c:/program files (x86)/atmel/studio/7.0/toolchain/arm/arm-gnu-toolchain/bin/../lib/gcc/arm-none-eabi/6.3.1/../../../../arm-none-eabi/lib/thumb/v7-m\libc.a(lib_a-reent.o)
 .ARM.attributes
                0x00000b20       0x1d c:/program files (x86)/atmel/studio/7.0/toolchain/arm/arm-gnu-toolchain/bin/../lib/gcc/arm-none-eabi/6.3.1/thumb/v7-m/crtn.o

.comment        0x00000000       0x59
 .comment       0x00000000       0x59 src/ASF/common/services/clock/sam3x/sysclk.o
                                 0x5a (size before relaxing)
 .comment       0x00000059       0x5a src/ASF/common/utils/stdio/read.o
 .comment       0x00000059       0x5a src/ASF/common/utils/stdio/write.o
 .comment       0x00000059       0x5a src/ASF/sam/boards/sam3x_ek/init.o
 .comment       0x00000059       0x5a src/ASF/sam/components/laser/TimeBaseManagement.o
 .comment       0x00000059       0x5a src/ASF/sam/drivers/can/can.o
 .comment       0x00000059       0x5a src/ASF/sam/drivers/can/canDictionary.o
 .comment       0x00000059       0x5a src/ASF/sam/drivers/can/dictionaryUtils.o
 .comment       0x00000059       0x5a src/ASF/sam/drivers/pio/pio.o
 .comment       0x00000059       0x5a src/ASF/sam/drivers/pio/pio_handler.o
 .comment       0x00000059       0x5a src/ASF/sam/drivers/pmc/pmc.o
 .comment       0x00000059       0x5a src/ASF/sam/drivers/uart/uart.o
 .comment       0x00000059       0x5a src/ASF/sam/drivers/usart/usart.o
 .comment       0x00000059       0x5a src/ASF/sam/utils/cmsis/sam3x/source/templates/exceptions.o
 .comment       0x00000059       0x5a src/ASF/sam/utils/cmsis/sam3x/source/templates/gcc/startup_sam3x.o
 .comment       0x00000059       0x5a src/ASF/sam/utils/cmsis/sam3x/source/templates/system_sam3x.o
 .comment       0x00000059       0x5a src/ASF/sam/utils/syscalls/gcc/syscalls.o
 .comment       0x00000059       0x5a src/can_example.o
 .comment       0x00000059       0x5a ../../../../../../../mpbComponentSam/mpbTiming/mpbTime/mpbTime/Debug\libmpbTime.a(mpbTimeBase.o)

.debug_info     0x00000000    0x19527
 .debug_info    0x00000000     0x1182 src/ASF/common/services/clock/sam3x/sysclk.o
 .debug_info    0x00001182      0xab9 src/ASF/common/utils/stdio/read.o
 .debug_info    0x00001c3b      0xac2 src/ASF/common/utils/stdio/write.o
 .debug_info    0x000026fd      0xf8d src/ASF/sam/boards/sam3x_ek/init.o
 .debug_info    0x0000368a      0xd41 src/ASF/sam/components/laser/TimeBaseManagement.o
 .debug_info    0x000043cb     0x2300 src/ASF/sam/drivers/can/can.o
 .debug_info    0x000066cb     0x2b07 src/ASF/sam/drivers/can/canDictionary.o
 .debug_info    0x000091d2      0xb13 src/ASF/sam/drivers/can/dictionaryUtils.o
 .debug_info    0x00009ce5     0x18a9 src/ASF/sam/drivers/pio/pio.o
 .debug_info    0x0000b58e     0x16fb src/ASF/sam/drivers/pio/pio_handler.o
 .debug_info    0x0000cc89     0x19dd src/ASF/sam/drivers/pmc/pmc.o
 .debug_info    0x0000e666     0x11b9 src/ASF/sam/drivers/uart/uart.o
 .debug_info    0x0000f81f     0x22ba src/ASF/sam/drivers/usart/usart.o
 .debug_info    0x00011ad9      0xa3a src/ASF/sam/utils/cmsis/sam3x/source/templates/exceptions.o
 .debug_info    0x00012513      0xd19 src/ASF/sam/utils/cmsis/sam3x/source/templates/gcc/startup_sam3x.o
 .debug_info    0x0001322c      0xdc6 src/ASF/sam/utils/cmsis/sam3x/source/templates/system_sam3x.o
 .debug_info    0x00013ff2      0xdbc src/ASF/sam/utils/syscalls/gcc/syscalls.o
 .debug_info    0x00014dae     0x3aef src/can_example.o
 .debug_info    0x0001889d      0xc8a ../../../../../../../mpbComponentSam/mpbTiming/mpbTime/mpbTime/Debug\libmpbTime.a(mpbTimeBase.o)

.debug_abbrev   0x00000000     0x2d5f
 .debug_abbrev  0x00000000      0x270 src/ASF/common/services/clock/sam3x/sysclk.o
 .debug_abbrev  0x00000270      0x1da src/ASF/common/utils/stdio/read.o
 .debug_abbrev  0x0000044a      0x1da src/ASF/common/utils/stdio/write.o
 .debug_abbrev  0x00000624      0x250 src/ASF/sam/boards/sam3x_ek/init.o
 .debug_abbrev  0x00000874      0x1f5 src/ASF/sam/components/laser/TimeBaseManagement.o
 .debug_abbrev  0x00000a69      0x306 src/ASF/sam/drivers/can/can.o
 .debug_abbrev  0x00000d6f      0x2ca src/ASF/sam/drivers/can/canDictionary.o
 .debug_abbrev  0x00001039      0x20b src/ASF/sam/drivers/can/dictionaryUtils.o
 .debug_abbrev  0x00001244      0x278 src/ASF/sam/drivers/pio/pio.o
 .debug_abbrev  0x000014bc      0x2da src/ASF/sam/drivers/pio/pio_handler.o
 .debug_abbrev  0x00001796      0x2c1 src/ASF/sam/drivers/pmc/pmc.o
 .debug_abbrev  0x00001a57      0x24e src/ASF/sam/drivers/uart/uart.o
 .debug_abbrev  0x00001ca5      0x2ca src/ASF/sam/drivers/usart/usart.o
 .debug_abbrev  0x00001f6f      0x1a4 src/ASF/sam/utils/cmsis/sam3x/source/templates/exceptions.o
 .debug_abbrev  0x00002113      0x1e3 src/ASF/sam/utils/cmsis/sam3x/source/templates/gcc/startup_sam3x.o
 .debug_abbrev  0x000022f6      0x1f4 src/ASF/sam/utils/cmsis/sam3x/source/templates/system_sam3x.o
 .debug_abbrev  0x000024ea      0x22a src/ASF/sam/utils/syscalls/gcc/syscalls.o
 .debug_abbrev  0x00002714      0x460 src/can_example.o
 .debug_abbrev  0x00002b74      0x1eb ../../../../../../../mpbComponentSam/mpbTiming/mpbTime/mpbTime/Debug\libmpbTime.a(mpbTimeBase.o)

.debug_loc      0x00000000     0x8874
 .debug_loc     0x00000000      0x424 src/ASF/common/services/clock/sam3x/sysclk.o
 .debug_loc     0x00000424       0x50 src/ASF/common/utils/stdio/read.o
 .debug_loc     0x00000474       0x50 src/ASF/common/utils/stdio/write.o
 .debug_loc     0x000004c4       0xa8 src/ASF/sam/boards/sam3x_ek/init.o
 .debug_loc     0x0000056c      0x140 src/ASF/sam/components/laser/TimeBaseManagement.o
 .debug_loc     0x000006ac     0x181a src/ASF/sam/drivers/can/can.o
 .debug_loc     0x00001ec6      0xa78 src/ASF/sam/drivers/can/canDictionary.o
 .debug_loc     0x0000293e       0xf0 src/ASF/sam/drivers/can/dictionaryUtils.o
 .debug_loc     0x00002a2e      0xd24 src/ASF/sam/drivers/pio/pio.o
 .debug_loc     0x00003752      0x360 src/ASF/sam/drivers/pio/pio_handler.o
 .debug_loc     0x00003ab2     0x1400 src/ASF/sam/drivers/pmc/pmc.o
 .debug_loc     0x00004eb2      0x958 src/ASF/sam/drivers/uart/uart.o
 .debug_loc     0x0000580a     0x1e9c src/ASF/sam/drivers/usart/usart.o
 .debug_loc     0x000076a6       0x2c src/ASF/sam/utils/cmsis/sam3x/source/templates/exceptions.o
 .debug_loc     0x000076d2       0x38 src/ASF/sam/utils/cmsis/sam3x/source/templates/gcc/startup_sam3x.o
 .debug_loc     0x0000770a       0xe4 src/ASF/sam/utils/cmsis/sam3x/source/templates/system_sam3x.o
 .debug_loc     0x000077ee      0x300 src/ASF/sam/utils/syscalls/gcc/syscalls.o
 .debug_loc     0x00007aee      0xbd0 src/can_example.o
 .debug_loc     0x000086be      0x1b6 ../../../../../../../mpbComponentSam/mpbTiming/mpbTime/mpbTime/Debug\libmpbTime.a(mpbTimeBase.o)

.debug_aranges  0x00000000      0xec8
 .debug_aranges
                0x00000000       0x88 src/ASF/common/services/clock/sam3x/sysclk.o
 .debug_aranges
                0x00000088       0x20 src/ASF/common/utils/stdio/read.o
 .debug_aranges
                0x000000a8       0x20 src/ASF/common/utils/stdio/write.o
 .debug_aranges
                0x000000c8       0x30 src/ASF/sam/boards/sam3x_ek/init.o
 .debug_aranges
                0x000000f8       0x38 src/ASF/sam/components/laser/TimeBaseManagement.o
 .debug_aranges
                0x00000130      0x240 src/ASF/sam/drivers/can/can.o
 .debug_aranges
                0x00000370      0x120 src/ASF/sam/drivers/can/canDictionary.o
 .debug_aranges
                0x00000490       0x30 src/ASF/sam/drivers/can/dictionaryUtils.o
 .debug_aranges
                0x000004c0      0x148 src/ASF/sam/drivers/pio/pio.o
 .debug_aranges
                0x00000608       0x78 src/ASF/sam/drivers/pio/pio_handler.o
 .debug_aranges
                0x00000680      0x200 src/ASF/sam/drivers/pmc/pmc.o
 .debug_aranges
                0x00000880       0xe8 src/ASF/sam/drivers/uart/uart.o
 .debug_aranges
                0x00000968      0x2d0 src/ASF/sam/drivers/usart/usart.o
 .debug_aranges
                0x00000c38       0x20 src/ASF/sam/utils/cmsis/sam3x/source/templates/exceptions.o
 .debug_aranges
                0x00000c58       0x20 src/ASF/sam/utils/cmsis/sam3x/source/templates/gcc/startup_sam3x.o
 .debug_aranges
                0x00000c78       0x30 src/ASF/sam/utils/cmsis/sam3x/source/templates/system_sam3x.o
 .debug_aranges
                0x00000ca8       0x60 src/ASF/sam/utils/syscalls/gcc/syscalls.o
 .debug_aranges
                0x00000d08      0x168 src/can_example.o
 .debug_aranges
                0x00000e70       0x58 ../../../../../../../mpbComponentSam/mpbTiming/mpbTime/mpbTime/Debug\libmpbTime.a(mpbTimeBase.o)

.debug_ranges   0x00000000      0xdb0
 .debug_ranges  0x00000000       0x78 src/ASF/common/services/clock/sam3x/sysclk.o
 .debug_ranges  0x00000078       0x10 src/ASF/common/utils/stdio/read.o
 .debug_ranges  0x00000088       0x10 src/ASF/common/utils/stdio/write.o
 .debug_ranges  0x00000098       0x20 src/ASF/sam/boards/sam3x_ek/init.o
 .debug_ranges  0x000000b8       0x28 src/ASF/sam/components/laser/TimeBaseManagement.o
 .debug_ranges  0x000000e0      0x230 src/ASF/sam/drivers/can/can.o
 .debug_ranges  0x00000310      0x110 src/ASF/sam/drivers/can/canDictionary.o
 .debug_ranges  0x00000420       0x20 src/ASF/sam/drivers/can/dictionaryUtils.o
 .debug_ranges  0x00000440      0x138 src/ASF/sam/drivers/pio/pio.o
 .debug_ranges  0x00000578       0x68 src/ASF/sam/drivers/pio/pio_handler.o
 .debug_ranges  0x000005e0      0x1f0 src/ASF/sam/drivers/pmc/pmc.o
 .debug_ranges  0x000007d0       0xd8 src/ASF/sam/drivers/uart/uart.o
 .debug_ranges  0x000008a8      0x2c0 src/ASF/sam/drivers/usart/usart.o
 .debug_ranges  0x00000b68       0x10 src/ASF/sam/utils/cmsis/sam3x/source/templates/exceptions.o
 .debug_ranges  0x00000b78       0x10 src/ASF/sam/utils/cmsis/sam3x/source/templates/gcc/startup_sam3x.o
 .debug_ranges  0x00000b88       0x20 src/ASF/sam/utils/cmsis/sam3x/source/templates/system_sam3x.o
 .debug_ranges  0x00000ba8       0x50 src/ASF/sam/utils/syscalls/gcc/syscalls.o
 .debug_ranges  0x00000bf8      0x170 src/can_example.o
 .debug_ranges  0x00000d68       0x48 ../../../../../../../mpbComponentSam/mpbTiming/mpbTime/mpbTime/Debug\libmpbTime.a(mpbTimeBase.o)

.debug_macro    0x00000000    0x1a91c
 .debug_macro   0x00000000      0x5f1 src/ASF/common/services/clock/sam3x/sysclk.o
 .debug_macro   0x000005f1      0x8ce src/ASF/common/services/clock/sam3x/sysclk.o
 .debug_macro   0x00000ebf      0x71d src/ASF/common/services/clock/sam3x/sysclk.o
 .debug_macro   0x000015dc       0x28 src/ASF/common/services/clock/sam3x/sysclk.o
 .debug_macro   0x00001604      0x16d src/ASF/common/services/clock/sam3x/sysclk.o
 .debug_macro   0x00001771       0x76 src/ASF/common/services/clock/sam3x/sysclk.o
 .debug_macro   0x000017e7       0x16 src/ASF/common/services/clock/sam3x/sysclk.o
 .debug_macro   0x000017fd      0x6da src/ASF/common/services/clock/sam3x/sysclk.o
 .debug_macro   0x00001ed7       0x22 src/ASF/common/services/clock/sam3x/sysclk.o
 .debug_macro   0x00001ef9       0x87 src/ASF/common/services/clock/sam3x/sysclk.o
 .debug_macro   0x00001f80       0x51 src/ASF/common/services/clock/sam3x/sysclk.o
 .debug_macro   0x00001fd1       0xef src/ASF/common/services/clock/sam3x/sysclk.o
 .debug_macro   0x000020c0       0x6a src/ASF/common/services/clock/sam3x/sysclk.o
 .debug_macro   0x0000212a      0x1df src/ASF/common/services/clock/sam3x/sysclk.o
 .debug_macro   0x00002309       0x20 src/ASF/common/services/clock/sam3x/sysclk.o
 .debug_macro   0x00002329       0x1c src/ASF/common/services/clock/sam3x/sysclk.o
 .debug_macro   0x00002345       0x22 src/ASF/common/services/clock/sam3x/sysclk.o
 .debug_macro   0x00002367       0xc3 src/ASF/common/services/clock/sam3x/sysclk.o
 .debug_macro   0x0000242a      0xe49 src/ASF/common/services/clock/sam3x/sysclk.o
 .debug_macro   0x00003273      0x11f src/ASF/common/services/clock/sam3x/sysclk.o
 .debug_macro   0x00003392      0xaac src/ASF/common/services/clock/sam3x/sysclk.o
 .debug_macro   0x00003e3e      0x55f src/ASF/common/services/clock/sam3x/sysclk.o
 .debug_macro   0x0000439d      0x2ab src/ASF/common/services/clock/sam3x/sysclk.o
 .debug_macro   0x00004648      0x310 src/ASF/common/services/clock/sam3x/sysclk.o
 .debug_macro   0x00004958      0x746 src/ASF/common/services/clock/sam3x/sysclk.o
 .debug_macro   0x0000509e       0x82 src/ASF/common/services/clock/sam3x/sysclk.o
 .debug_macro   0x00005120      0x571 src/ASF/common/services/clock/sam3x/sysclk.o
 .debug_macro   0x00005691       0x1c src/ASF/common/services/clock/sam3x/sysclk.o
 .debug_macro   0x000056ad      0x6ae src/ASF/common/services/clock/sam3x/sysclk.o
 .debug_macro   0x00005d5b      0x523 src/ASF/common/services/clock/sam3x/sysclk.o
 .debug_macro   0x0000627e       0xbe src/ASF/common/services/clock/sam3x/sysclk.o
 .debug_macro   0x0000633c     0x2338 src/ASF/common/services/clock/sam3x/sysclk.o
 .debug_macro   0x00008674      0x853 src/ASF/common/services/clock/sam3x/sysclk.o
 .debug_macro   0x00008ec7      0xdbf src/ASF/common/services/clock/sam3x/sysclk.o
 .debug_macro   0x00009c86       0x7c src/ASF/common/services/clock/sam3x/sysclk.o
 .debug_macro   0x00009d02      0x25a src/ASF/common/services/clock/sam3x/sysclk.o
 .debug_macro   0x00009f5c       0x58 src/ASF/common/services/clock/sam3x/sysclk.o
 .debug_macro   0x00009fb4      0x99e src/ASF/common/services/clock/sam3x/sysclk.o
 .debug_macro   0x0000a952      0x240 src/ASF/common/services/clock/sam3x/sysclk.o
 .debug_macro   0x0000ab92      0x4d5 src/ASF/common/services/clock/sam3x/sysclk.o
 .debug_macro   0x0000b067      0x6a9 src/ASF/common/services/clock/sam3x/sysclk.o
 .debug_macro   0x0000b710      0x595 src/ASF/common/services/clock/sam3x/sysclk.o
 .debug_macro   0x0000bca5       0x46 src/ASF/common/services/clock/sam3x/sysclk.o
 .debug_macro   0x0000bceb      0x344 src/ASF/common/services/clock/sam3x/sysclk.o
 .debug_macro   0x0000c02f      0x283 src/ASF/common/services/clock/sam3x/sysclk.o
 .debug_macro   0x0000c2b2     0x14d7 src/ASF/common/services/clock/sam3x/sysclk.o
 .debug_macro   0x0000d789      0x7b0 src/ASF/common/services/clock/sam3x/sysclk.o
 .debug_macro   0x0000df39       0x76 src/ASF/common/services/clock/sam3x/sysclk.o
 .debug_macro   0x0000dfaf       0x82 src/ASF/common/services/clock/sam3x/sysclk.o
 .debug_macro   0x0000e031       0x76 src/ASF/common/services/clock/sam3x/sysclk.o
 .debug_macro   0x0000e0a7       0x4c src/ASF/common/services/clock/sam3x/sysclk.o
 .debug_macro   0x0000e0f3      0x100 src/ASF/common/services/clock/sam3x/sysclk.o
 .debug_macro   0x0000e1f3      0x100 src/ASF/common/services/clock/sam3x/sysclk.o
 .debug_macro   0x0000e2f3      0x100 src/ASF/common/services/clock/sam3x/sysclk.o
 .debug_macro   0x0000e3f3       0x88 src/ASF/common/services/clock/sam3x/sysclk.o
 .debug_macro   0x0000e47b       0x88 src/ASF/common/services/clock/sam3x/sysclk.o
 .debug_macro   0x0000e503      0x3b4 src/ASF/common/services/clock/sam3x/sysclk.o
 .debug_macro   0x0000e8b7       0xb8 src/ASF/common/services/clock/sam3x/sysclk.o
 .debug_macro   0x0000e96f       0xb8 src/ASF/common/services/clock/sam3x/sysclk.o
 .debug_macro   0x0000ea27       0xb8 src/ASF/common/services/clock/sam3x/sysclk.o
 .debug_macro   0x0000eadf       0xb8 src/ASF/common/services/clock/sam3x/sysclk.o
 .debug_macro   0x0000eb97      0x2b8 src/ASF/common/services/clock/sam3x/sysclk.o
 .debug_macro   0x0000ee4f      0x11b src/ASF/common/services/clock/sam3x/sysclk.o
 .debug_macro   0x0000ef6a      0x21b src/ASF/common/services/clock/sam3x/sysclk.o
 .debug_macro   0x0000f185      0x21b src/ASF/common/services/clock/sam3x/sysclk.o
 .debug_macro   0x0000f3a0       0x2e src/ASF/common/services/clock/sam3x/sysclk.o
 .debug_macro   0x0000f3ce       0xac src/ASF/common/services/clock/sam3x/sysclk.o
 .debug_macro   0x0000f47a      0x143 src/ASF/common/services/clock/sam3x/sysclk.o
 .debug_macro   0x0000f5bd       0x7c src/ASF/common/services/clock/sam3x/sysclk.o
 .debug_macro   0x0000f639      0x1fb src/ASF/common/services/clock/sam3x/sysclk.o
 .debug_macro   0x0000f834       0x64 src/ASF/common/services/clock/sam3x/sysclk.o
 .debug_macro   0x0000f898       0xa6 src/ASF/common/services/clock/sam3x/sysclk.o
 .debug_macro   0x0000f93e       0x7c src/ASF/common/services/clock/sam3x/sysclk.o
 .debug_macro   0x0000f9ba       0x16 src/ASF/common/services/clock/sam3x/sysclk.o
 .debug_macro   0x0000f9d0       0x22 src/ASF/common/services/clock/sam3x/sysclk.o
 .debug_macro   0x0000f9f2       0x22 src/ASF/common/services/clock/sam3x/sysclk.o
 .debug_macro   0x0000fa14      0x10c src/ASF/common/services/clock/sam3x/sysclk.o
 .debug_macro   0x0000fb20      0x10c src/ASF/common/services/clock/sam3x/sysclk.o
 .debug_macro   0x0000fc2c      0x10c src/ASF/common/services/clock/sam3x/sysclk.o
 .debug_macro   0x0000fd38      0x10c src/ASF/common/services/clock/sam3x/sysclk.o
 .debug_macro   0x0000fe44       0x1c src/ASF/common/services/clock/sam3x/sysclk.o
 .debug_macro   0x0000fe60       0x2e src/ASF/common/services/clock/sam3x/sysclk.o
 .debug_macro   0x0000fe8e       0x22 src/ASF/common/services/clock/sam3x/sysclk.o
 .debug_macro   0x0000feb0       0x1c src/ASF/common/services/clock/sam3x/sysclk.o
 .debug_macro   0x0000fecc       0x58 src/ASF/common/services/clock/sam3x/sysclk.o
 .debug_macro   0x0000ff24       0x10 src/ASF/common/services/clock/sam3x/sysclk.o
 .debug_macro   0x0000ff34      0x273 src/ASF/common/services/clock/sam3x/sysclk.o
 .debug_macro   0x000101a7      0xd39 src/ASF/common/services/clock/sam3x/sysclk.o
 .debug_macro   0x00010ee0      0x131 src/ASF/common/services/clock/sam3x/sysclk.o
 .debug_macro   0x00011011       0x58 src/ASF/common/services/clock/sam3x/sysclk.o
 .debug_macro   0x00011069       0x35 src/ASF/common/services/clock/sam3x/sysclk.o
 .debug_macro   0x0001109e       0x9c src/ASF/common/services/clock/sam3x/sysclk.o
 .debug_macro   0x0001113a       0x16 src/ASF/common/services/clock/sam3x/sysclk.o
 .debug_macro   0x00011150       0x35 src/ASF/common/services/clock/sam3x/sysclk.o
 .debug_macro   0x00011185      0x34d src/ASF/common/services/clock/sam3x/sysclk.o
 .debug_macro   0x000114d2       0x10 src/ASF/common/services/clock/sam3x/sysclk.o
 .debug_macro   0x000114e2       0x58 src/ASF/common/services/clock/sam3x/sysclk.o
 .debug_macro   0x0001153a       0x1f src/ASF/common/services/clock/sam3x/sysclk.o
 .debug_macro   0x00011559       0x43 src/ASF/common/services/clock/sam3x/sysclk.o
 .debug_macro   0x0001159c       0x20 src/ASF/common/services/clock/sam3x/sysclk.o
 .debug_macro   0x000115bc      0x187 src/ASF/common/services/clock/sam3x/sysclk.o
 .debug_macro   0x00011743       0x10 src/ASF/common/services/clock/sam3x/sysclk.o
 .debug_macro   0x00011753       0x1c src/ASF/common/services/clock/sam3x/sysclk.o
 .debug_macro   0x0001176f       0x52 src/ASF/common/services/clock/sam3x/sysclk.o
 .debug_macro   0x000117c1       0x40 src/ASF/common/services/clock/sam3x/sysclk.o
 .debug_macro   0x00011801       0x10 src/ASF/common/services/clock/sam3x/sysclk.o
 .debug_macro   0x00011811       0x40 src/ASF/common/services/clock/sam3x/sysclk.o
 .debug_macro   0x00011851       0xd7 src/ASF/common/services/clock/sam3x/sysclk.o
 .debug_macro   0x00011928       0x16 src/ASF/common/services/clock/sam3x/sysclk.o
 .debug_macro   0x0001193e      0x18b src/ASF/common/services/clock/sam3x/sysclk.o
 .debug_macro   0x00011ac9       0x22 src/ASF/common/services/clock/sam3x/sysclk.o
 .debug_macro   0x00011aeb       0x16 src/ASF/common/services/clock/sam3x/sysclk.o
 .debug_macro   0x00011b01       0x16 src/ASF/common/services/clock/sam3x/sysclk.o
 .debug_macro   0x00011b17       0x29 src/ASF/common/services/clock/sam3x/sysclk.o
 .debug_macro   0x00011b40       0x73 src/ASF/common/services/clock/sam3x/sysclk.o
 .debug_macro   0x00011bb3       0x44 src/ASF/common/services/clock/sam3x/sysclk.o
 .debug_macro   0x00011bf7      0x3ca src/ASF/common/services/clock/sam3x/sysclk.o
 .debug_macro   0x00011fc1      0x2d9 src/ASF/common/services/clock/sam3x/sysclk.o
 .debug_macro   0x0001229a      0xe6e src/ASF/common/services/clock/sam3x/sysclk.o
 .debug_macro   0x00013108       0x5e src/ASF/common/services/clock/sam3x/sysclk.o
 .debug_macro   0x00013166       0x64 src/ASF/common/services/clock/sam3x/sysclk.o
 .debug_macro   0x000131ca       0x5f src/ASF/common/services/clock/sam3x/sysclk.o
 .debug_macro   0x00013229       0x90 src/ASF/common/services/clock/sam3x/sysclk.o
 .debug_macro   0x000132b9      0x56e src/ASF/common/utils/stdio/read.o
 .debug_macro   0x00013827      0x56e src/ASF/common/utils/stdio/write.o
 .debug_macro   0x00013d95      0x636 src/ASF/sam/boards/sam3x_ek/init.o
 .debug_macro   0x000143cb       0x1c src/ASF/sam/boards/sam3x_ek/init.o
 .debug_macro   0x000143e7       0x94 src/ASF/sam/boards/sam3x_ek/init.o
 .debug_macro   0x0001447b       0x40 src/ASF/sam/boards/sam3x_ek/init.o
 .debug_macro   0x000144bb       0x6a src/ASF/sam/boards/sam3x_ek/init.o
 .debug_macro   0x00014525      0x17f src/ASF/sam/components/laser/TimeBaseManagement.o
 .debug_macro   0x000146a4      0x10e src/ASF/sam/components/laser/TimeBaseManagement.o
 .debug_macro   0x000147b2       0x86 src/ASF/sam/components/laser/TimeBaseManagement.o
 .debug_macro   0x00014838      0x353 src/ASF/sam/components/laser/TimeBaseManagement.o
 .debug_macro   0x00014b8b       0x16 src/ASF/sam/components/laser/TimeBaseManagement.o
 .debug_macro   0x00014ba1       0x58 src/ASF/sam/components/laser/TimeBaseManagement.o
 .debug_macro   0x00014bf9       0x2e src/ASF/sam/components/laser/TimeBaseManagement.o
 .debug_macro   0x00014c27      0x5d4 src/ASF/sam/drivers/can/can.o
 .debug_macro   0x000151fb       0x82 src/ASF/sam/drivers/can/can.o
 .debug_macro   0x0001527d      0x5ca src/ASF/sam/drivers/can/canDictionary.o
 .debug_macro   0x00015847       0x26 src/ASF/sam/drivers/can/canDictionary.o
 .debug_macro   0x0001586d       0xbd src/ASF/sam/drivers/can/canDictionary.o
 .debug_macro   0x0001592a       0x1c src/ASF/sam/drivers/can/canDictionary.o
 .debug_macro   0x00015946      0x55f src/ASF/sam/drivers/can/canDictionary.o
 .debug_macro   0x00015ea5      0x226 src/ASF/sam/drivers/can/dictionaryUtils.o
 .debug_macro   0x000160cb       0x52 src/ASF/sam/drivers/can/dictionaryUtils.o
 .debug_macro   0x0001611d       0x8d src/ASF/sam/drivers/can/dictionaryUtils.o
 .debug_macro   0x000161aa       0x57 src/ASF/sam/drivers/can/dictionaryUtils.o
 .debug_macro   0x00016201       0x97 src/ASF/sam/drivers/can/dictionaryUtils.o
 .debug_macro   0x00016298       0xf6 src/ASF/sam/drivers/can/dictionaryUtils.o
 .debug_macro   0x0001638e       0x4c src/ASF/sam/drivers/can/dictionaryUtils.o
 .debug_macro   0x000163da      0x589 src/ASF/sam/drivers/pio/pio.o
 .debug_macro   0x00016963       0x8e src/ASF/sam/drivers/pio/pio.o
 .debug_macro   0x000169f1      0x58d src/ASF/sam/drivers/pio/pio_handler.o
 .debug_macro   0x00016f7e      0x583 src/ASF/sam/drivers/pmc/pmc.o
 .debug_macro   0x00017501       0x58 src/ASF/sam/drivers/pmc/pmc.o
 .debug_macro   0x00017559      0x57d src/ASF/sam/drivers/uart/uart.o
 .debug_macro   0x00017ad6       0x16 src/ASF/sam/drivers/uart/uart.o
 .debug_macro   0x00017aec      0x5b9 src/ASF/sam/drivers/usart/usart.o
 .debug_macro   0x000180a5       0x28 src/ASF/sam/drivers/usart/usart.o
 .debug_macro   0x000180cd      0x582 src/ASF/sam/utils/cmsis/sam3x/source/templates/exceptions.o
 .debug_macro   0x0001864f      0x590 src/ASF/sam/utils/cmsis/sam3x/source/templates/gcc/startup_sam3x.o
 .debug_macro   0x00018bdf      0x590 src/ASF/sam/utils/cmsis/sam3x/source/templates/system_sam3x.o
 .debug_macro   0x0001916f      0x1d6 src/ASF/sam/utils/syscalls/gcc/syscalls.o
 .debug_macro   0x00019345       0x16 src/ASF/sam/utils/syscalls/gcc/syscalls.o
 .debug_macro   0x0001935b       0x10 src/ASF/sam/utils/syscalls/gcc/syscalls.o
 .debug_macro   0x0001936b       0x10 src/ASF/sam/utils/syscalls/gcc/syscalls.o
 .debug_macro   0x0001937b       0x35 src/ASF/sam/utils/syscalls/gcc/syscalls.o
 .debug_macro   0x000193b0      0x122 src/ASF/sam/utils/syscalls/gcc/syscalls.o
 .debug_macro   0x000194d2      0x7be src/can_example.o
 .debug_macro   0x00019c90       0x70 src/can_example.o
 .debug_macro   0x00019d00       0x88 src/can_example.o
 .debug_macro   0x00019d88      0x13c src/can_example.o
 .debug_macro   0x00019ec4       0x10 src/can_example.o
 .debug_macro   0x00019ed4      0x16f ../../../../../../../mpbComponentSam/mpbTiming/mpbTime/mpbTime/Debug\libmpbTime.a(mpbTimeBase.o)
 .debug_macro   0x0001a043      0x8b0 ../../../../../../../mpbComponentSam/mpbTiming/mpbTime/mpbTime/Debug\libmpbTime.a(mpbTimeBase.o)
 .debug_macro   0x0001a8f3       0x29 ../../../../../../../mpbComponentSam/mpbTiming/mpbTime/mpbTime/Debug\libmpbTime.a(mpbTimeBase.o)

.debug_line     0x00000000     0xec48
 .debug_line    0x00000000      0xdbb src/ASF/common/services/clock/sam3x/sysclk.o
 .debug_line    0x00000dbb      0xb6d src/ASF/common/utils/stdio/read.o
 .debug_line    0x00001928      0xb6a src/ASF/common/utils/stdio/write.o
 .debug_line    0x00002492      0xd93 src/ASF/sam/boards/sam3x_ek/init.o
 .debug_line    0x00003225      0x3d4 src/ASF/sam/components/laser/TimeBaseManagement.o
 .debug_line    0x000035f9     0x128e src/ASF/sam/drivers/can/can.o
 .debug_line    0x00004887     0x1258 src/ASF/sam/drivers/can/canDictionary.o
 .debug_line    0x00005adf      0x43c src/ASF/sam/drivers/can/dictionaryUtils.o
 .debug_line    0x00005f1b      0xe91 src/ASF/sam/drivers/pio/pio.o
 .debug_line    0x00006dac      0xc98 src/ASF/sam/drivers/pio/pio_handler.o
 .debug_line    0x00007a44     0x116d src/ASF/sam/drivers/pmc/pmc.o
 .debug_line    0x00008bb1      0xd33 src/ASF/sam/drivers/uart/uart.o
 .debug_line    0x000098e4     0x12b2 src/ASF/sam/drivers/usart/usart.o
 .debug_line    0x0000ab96      0xb4a src/ASF/sam/utils/cmsis/sam3x/source/templates/exceptions.o
 .debug_line    0x0000b6e0      0xb9d src/ASF/sam/utils/cmsis/sam3x/source/templates/gcc/startup_sam3x.o
 .debug_line    0x0000c27d      0xbee src/ASF/sam/utils/cmsis/sam3x/source/templates/system_sam3x.o
 .debug_line    0x0000ce6b      0x417 src/ASF/sam/utils/syscalls/gcc/syscalls.o
 .debug_line    0x0000d282     0x1601 src/can_example.o